#-----------------------------------------------------------
# Vivado v2017.4 (64-bit)
# SW Build 2086221 on Fri Dec 15 20:55:39 MST 2017
# IP Build 2085800 on Fri Dec 15 22:25:07 MST 2017
# Start of session at: Sun Dec 16 21:32:17 2018
# Process ID: 5856
# Current directory: D:/Project_MySelf/1_LcdDis/Vivado/M_Ddr_4
# Command line: vivado.exe -gui_launcher_event rodinguilauncherevent5344 D:\Project_MySelf\1_LcdDis\Vivado\M_Ddr_4\M_Ddr.xpr
# Log file: D:/Project_MySelf/1_LcdDis/Vivado/M_Ddr_4/vivado.log
# Journal file: D:/Project_MySelf/1_LcdDis/Vivado/M_Ddr_4\vivado.jou
#-----------------------------------------------------------
start_gui
open_project D:/Project_MySelf/1_LcdDis/Vivado/M_Ddr_4/M_Ddr.xpr
update_compile_order -fileset sources_1
set_property -dict [list CONFIG.XML_INPUT_FILE {mig_b.prj} CONFIG.RESET_BOARD_INTERFACE {Custom} CONFIG.MIG_DONT_TOUCH_PARAM {Custom} CONFIG.BOARD_MIG_PARAM {Custom}] [get_ips M_DdrCtrl]
generate_target {instantiation_template} [get_files d:/Project_MySelf/1_LcdDis/Vivado/M_Ddr_4/M_Ddr.srcs/sources_1/ip/M_DdrCtrl/M_DdrCtrl.xci]
generate_target all [get_files  D:/Project_MySelf/1_LcdDis/Vivado/M_Ddr_4/M_Ddr.srcs/sources_1/ip/M_DdrCtrl/M_DdrCtrl.xci]
catch { config_ip_cache -export [get_ips -all M_DdrCtrl] }
export_ip_user_files -of_objects [get_files D:/Project_MySelf/1_LcdDis/Vivado/M_Ddr_4/M_Ddr.srcs/sources_1/ip/M_DdrCtrl/M_DdrCtrl.xci] -no_script -sync -force -quiet
reset_run M_DdrCtrl_synth_1
launch_runs -jobs 4 M_DdrCtrl_synth_1
export_simulation -of_objects [get_files D:/Project_MySelf/1_LcdDis/Vivado/M_Ddr_4/M_Ddr.srcs/sources_1/ip/M_DdrCtrl/M_DdrCtrl.xci] -directory D:/Project_MySelf/1_LcdDis/Vivado/M_Ddr_4/M_Ddr.ip_user_files/sim_scripts -ip_user_files_dir D:/Project_MySelf/1_LcdDis/Vivado/M_Ddr_4/M_Ddr.ip_user_files -ipstatic_source_dir D:/Project_MySelf/1_LcdDis/Vivado/M_Ddr_4/M_Ddr.ip_user_files/ipstatic -lib_map_path [list {modelsim=D:/Project_MySelf/1_LcdDis/Vivado/M_Ddr_4/M_Ddr.cache/compile_simlib/modelsim} {questa=D:/Project_MySelf/1_LcdDis/Vivado/M_Ddr_4/M_Ddr.cache/compile_simlib/questa} {riviera=D:/Project_MySelf/1_LcdDis/Vivado/M_Ddr_4/M_Ddr.cache/compile_simlib/riviera} {activehdl=D:/Project_MySelf/1_LcdDis/Vivado/M_Ddr_4/M_Ddr.cache/compile_simlib/activehdl}] -use_ip_compiled_libs -force -quiet
reset_run synth_1
launch_runs impl_1 -jobs 4
wait_on_run impl_1
launch_runs impl_1 -to_step write_bitstream -jobs 4
wait_on_run impl_1
open_hw
connect_hw_server
open_hw_target
set_property PROGRAM.FILE {D:/Project_MySelf/1_LcdDis/Vivado/M_Ddr_4/M_Ddr.runs/impl_1/example_top.bit} [get_hw_devices xc7k325t_0]
set_property PROBES.FILE {D:/Project_MySelf/1_LcdDis/Vivado/M_Ddr_4/M_Ddr.runs/impl_1/example_top.ltx} [get_hw_devices xc7k325t_0]
set_property FULL_PROBES.FILE {D:/Project_MySelf/1_LcdDis/Vivado/M_Ddr_4/M_Ddr.runs/impl_1/example_top.ltx} [get_hw_devices xc7k325t_0]
current_hw_device [get_hw_devices xc7k325t_0]
refresh_hw_device [lindex [get_hw_devices xc7k325t_0] 0]
set_property PROBES.FILE {D:/Project_MySelf/1_LcdDis/Vivado/M_Ddr_4/M_Ddr.runs/impl_1/example_top.ltx} [get_hw_devices xc7k325t_0]
set_property FULL_PROBES.FILE {D:/Project_MySelf/1_LcdDis/Vivado/M_Ddr_4/M_Ddr.runs/impl_1/example_top.ltx} [get_hw_devices xc7k325t_0]
set_property PROGRAM.FILE {D:/Project_MySelf/1_LcdDis/Vivado/M_Ddr_4/M_Ddr.runs/impl_1/example_top.bit} [get_hw_devices xc7k325t_0]
program_hw_devices [get_hw_devices xc7k325t_0]
refresh_hw_device [lindex [get_hw_devices xc7k325t_0] 0]
set_property PROBES.FILE {D:/Project_MySelf/1_LcdDis/Vivado/M_Ddr_4/M_Ddr.runs/impl_1/example_top.ltx} [get_hw_devices xc7k325t_0]
set_property FULL_PROBES.FILE {D:/Project_MySelf/1_LcdDis/Vivado/M_Ddr_4/M_Ddr.runs/impl_1/example_top.ltx} [get_hw_devices xc7k325t_0]
set_property PROGRAM.FILE {D:/Project_MySelf/1_LcdDis/Vivado/M_Ddr_4/M_Ddr.runs/impl_1/example_top.bit} [get_hw_devices xc7k325t_0]
program_hw_devices [get_hw_devices xc7k325t_0]
refresh_hw_device [lindex [get_hw_devices xc7k325t_0] 0]
display_hw_ila_data [ get_hw_ila_data hw_ila_data_1 -of_objects [get_hw_ilas -of_objects [get_hw_devices xc7k325t_0] -filter {CELL_NAME=~"U_ila_0"}]]
run_hw_ila [get_hw_ilas -of_objects [get_hw_devices xc7k325t_0] -filter {CELL_NAME=~"U_ila_0"}]
set_property TRIGGER_COMPARE_VALUE eq1'bX [get_hw_probes init_calib_complete_OBUF -of_objects [get_hw_ilas -of_objects [get_hw_devices xc7k325t_0] -filter {CELL_NAME=~"U_ila_0"}]]
set_property TRIGGER_COMPARE_VALUE eq1'bX [get_hw_probes tg_compare_error_OBUF -of_objects [get_hw_ilas -of_objects [get_hw_devices xc7k325t_0] -filter {CELL_NAME=~"U_ila_0"}]]
add_wave -into {hw_ila_data_1.wcfg} -radix hex { {init_calib_complete_OBUF} {tg_compare_error_OBUF} }
wait_on_hw_ila -timeout 0 [get_hw_ilas -of_objects [get_hw_devices xc7k325t_0] -filter {CELL_NAME=~"U_ila_0"}]
upload_hw_ila_data [get_hw_ilas -of_objects [get_hw_devices xc7k325t_0] -filter {CELL_NAME=~"U_ila_0"}]
set_property PROBES.FILE {D:/Project_MySelf/1_LcdDis/Vivado/M_Ddr_4/M_Ddr.runs/impl_1/example_top.ltx} [get_hw_devices xc7k325t_0]
set_property FULL_PROBES.FILE {D:/Project_MySelf/1_LcdDis/Vivado/M_Ddr_4/M_Ddr.runs/impl_1/example_top.ltx} [get_hw_devices xc7k325t_0]
set_property PROGRAM.FILE {D:/Project_MySelf/1_LcdDis/Vivado/M_Ddr_4/M_Ddr.runs/impl_1/example_top.bit} [get_hw_devices xc7k325t_0]
program_hw_devices [get_hw_devices xc7k325t_0]
refresh_hw_device [lindex [get_hw_devices xc7k325t_0] 0]
run_hw_ila [get_hw_ilas -of_objects [get_hw_devices xc7k325t_0] -filter {CELL_NAME=~"U_ila_0"}]
wait_on_hw_ila [get_hw_ilas -of_objects [get_hw_devices xc7k325t_0] -filter {CELL_NAME=~"U_ila_0"}]
display_hw_ila_data [upload_hw_ila_data [get_hw_ilas -of_objects [get_hw_devices xc7k325t_0] -filter {CELL_NAME=~"U_ila_0"}]]
run_hw_ila [get_hw_ilas -of_objects [get_hw_devices xc7k325t_0] -filter {CELL_NAME=~"U_ila_0"}]
wait_on_hw_ila [get_hw_ilas -of_objects [get_hw_devices xc7k325t_0] -filter {CELL_NAME=~"U_ila_0"}]
display_hw_ila_data [upload_hw_ila_data [get_hw_ilas -of_objects [get_hw_devices xc7k325t_0] -filter {CELL_NAME=~"U_ila_0"}]]
run_hw_ila [get_hw_ilas -of_objects [get_hw_devices xc7k325t_0] -filter {CELL_NAME=~"U_ila_0"}]
wait_on_hw_ila [get_hw_ilas -of_objects [get_hw_devices xc7k325t_0] -filter {CELL_NAME=~"U_ila_0"}]
display_hw_ila_data [upload_hw_ila_data [get_hw_ilas -of_objects [get_hw_devices xc7k325t_0] -filter {CELL_NAME=~"U_ila_0"}]]
run_hw_ila [get_hw_ilas -of_objects [get_hw_devices xc7k325t_0] -filter {CELL_NAME=~"U_ila_0"}]
wait_on_hw_ila [get_hw_ilas -of_objects [get_hw_devices xc7k325t_0] -filter {CELL_NAME=~"U_ila_0"}]
display_hw_ila_data [upload_hw_ila_data [get_hw_ilas -of_objects [get_hw_devices xc7k325t_0] -filter {CELL_NAME=~"U_ila_0"}]]
run_hw_ila [get_hw_ilas -of_objects [get_hw_devices xc7k325t_0] -filter {CELL_NAME=~"U_ila_0"}]
wait_on_hw_ila [get_hw_ilas -of_objects [get_hw_devices xc7k325t_0] -filter {CELL_NAME=~"U_ila_0"}]
display_hw_ila_data [upload_hw_ila_data [get_hw_ilas -of_objects [get_hw_devices xc7k325t_0] -filter {CELL_NAME=~"U_ila_0"}]]
run_hw_ila [get_hw_ilas -of_objects [get_hw_devices xc7k325t_0] -filter {CELL_NAME=~"U_ila_0"}]
wait_on_hw_ila [get_hw_ilas -of_objects [get_hw_devices xc7k325t_0] -filter {CELL_NAME=~"U_ila_0"}]
display_hw_ila_data [upload_hw_ila_data [get_hw_ilas -of_objects [get_hw_devices xc7k325t_0] -filter {CELL_NAME=~"U_ila_0"}]]
run_hw_ila [get_hw_ilas -of_objects [get_hw_devices xc7k325t_0] -filter {CELL_NAME=~"U_ila_0"}]
wait_on_hw_ila [get_hw_ilas -of_objects [get_hw_devices xc7k325t_0] -filter {CELL_NAME=~"U_ila_0"}]
display_hw_ila_data [upload_hw_ila_data [get_hw_ilas -of_objects [get_hw_devices xc7k325t_0] -filter {CELL_NAME=~"U_ila_0"}]]
run_hw_ila [get_hw_ilas -of_objects [get_hw_devices xc7k325t_0] -filter {CELL_NAME=~"U_ila_0"}]
wait_on_hw_ila [get_hw_ilas -of_objects [get_hw_devices xc7k325t_0] -filter {CELL_NAME=~"U_ila_0"}]
display_hw_ila_data [upload_hw_ila_data [get_hw_ilas -of_objects [get_hw_devices xc7k325t_0] -filter {CELL_NAME=~"U_ila_0"}]]
run_hw_ila [get_hw_ilas -of_objects [get_hw_devices xc7k325t_0] -filter {CELL_NAME=~"U_ila_0"}]
wait_on_hw_ila [get_hw_ilas -of_objects [get_hw_devices xc7k325t_0] -filter {CELL_NAME=~"U_ila_0"}]
display_hw_ila_data [upload_hw_ila_data [get_hw_ilas -of_objects [get_hw_devices xc7k325t_0] -filter {CELL_NAME=~"U_ila_0"}]]
run_hw_ila [get_hw_ilas -of_objects [get_hw_devices xc7k325t_0] -filter {CELL_NAME=~"U_ila_0"}]
wait_on_hw_ila [get_hw_ilas -of_objects [get_hw_devices xc7k325t_0] -filter {CELL_NAME=~"U_ila_0"}]
display_hw_ila_data [upload_hw_ila_data [get_hw_ilas -of_objects [get_hw_devices xc7k325t_0] -filter {CELL_NAME=~"U_ila_0"}]]
run_hw_ila [get_hw_ilas -of_objects [get_hw_devices xc7k325t_0] -filter {CELL_NAME=~"U_ila_0"}]
wait_on_hw_ila [get_hw_ilas -of_objects [get_hw_devices xc7k325t_0] -filter {CELL_NAME=~"U_ila_0"}]
display_hw_ila_data [upload_hw_ila_data [get_hw_ilas -of_objects [get_hw_devices xc7k325t_0] -filter {CELL_NAME=~"U_ila_0"}]]
run_hw_ila [get_hw_ilas -of_objects [get_hw_devices xc7k325t_0] -filter {CELL_NAME=~"U_ila_0"}]
wait_on_hw_ila [get_hw_ilas -of_objects [get_hw_devices xc7k325t_0] -filter {CELL_NAME=~"U_ila_0"}]
display_hw_ila_data [upload_hw_ila_data [get_hw_ilas -of_objects [get_hw_devices xc7k325t_0] -filter {CELL_NAME=~"U_ila_0"}]]
run_hw_ila [get_hw_ilas -of_objects [get_hw_devices xc7k325t_0] -filter {CELL_NAME=~"U_ila_0"}]
wait_on_hw_ila [get_hw_ilas -of_objects [get_hw_devices xc7k325t_0] -filter {CELL_NAME=~"U_ila_0"}]
display_hw_ila_data [upload_hw_ila_data [get_hw_ilas -of_objects [get_hw_devices xc7k325t_0] -filter {CELL_NAME=~"U_ila_0"}]]
run_hw_ila [get_hw_ilas -of_objects [get_hw_devices xc7k325t_0] -filter {CELL_NAME=~"U_ila_0"}]
wait_on_hw_ila [get_hw_ilas -of_objects [get_hw_devices xc7k325t_0] -filter {CELL_NAME=~"U_ila_0"}]
display_hw_ila_data [upload_hw_ila_data [get_hw_ilas -of_objects [get_hw_devices xc7k325t_0] -filter {CELL_NAME=~"U_ila_0"}]]
run_hw_ila [get_hw_ilas -of_objects [get_hw_devices xc7k325t_0] -filter {CELL_NAME=~"U_ila_0"}]
wait_on_hw_ila [get_hw_ilas -of_objects [get_hw_devices xc7k325t_0] -filter {CELL_NAME=~"U_ila_0"}]
display_hw_ila_data [upload_hw_ila_data [get_hw_ilas -of_objects [get_hw_devices xc7k325t_0] -filter {CELL_NAME=~"U_ila_0"}]]
run_hw_ila [get_hw_ilas -of_objects [get_hw_devices xc7k325t_0] -filter {CELL_NAME=~"U_ila_0"}]
wait_on_hw_ila [get_hw_ilas -of_objects [get_hw_devices xc7k325t_0] -filter {CELL_NAME=~"U_ila_0"}]
display_hw_ila_data [upload_hw_ila_data [get_hw_ilas -of_objects [get_hw_devices xc7k325t_0] -filter {CELL_NAME=~"U_ila_0"}]]
run_hw_ila [get_hw_ilas -of_objects [get_hw_devices xc7k325t_0] -filter {CELL_NAME=~"U_ila_0"}]
wait_on_hw_ila [get_hw_ilas -of_objects [get_hw_devices xc7k325t_0] -filter {CELL_NAME=~"U_ila_0"}]
display_hw_ila_data [upload_hw_ila_data [get_hw_ilas -of_objects [get_hw_devices xc7k325t_0] -filter {CELL_NAME=~"U_ila_0"}]]
run_hw_ila [get_hw_ilas -of_objects [get_hw_devices xc7k325t_0] -filter {CELL_NAME=~"U_ila_0"}]
wait_on_hw_ila [get_hw_ilas -of_objects [get_hw_devices xc7k325t_0] -filter {CELL_NAME=~"U_ila_0"}]
display_hw_ila_data [upload_hw_ila_data [get_hw_ilas -of_objects [get_hw_devices xc7k325t_0] -filter {CELL_NAME=~"U_ila_0"}]]
set_property PROBES.FILE {D:/Project_MySelf/1_LcdDis/Vivado/M_Ddr_4/M_Ddr.runs/impl_1/example_top.ltx} [get_hw_devices xc7k325t_0]
set_property FULL_PROBES.FILE {D:/Project_MySelf/1_LcdDis/Vivado/M_Ddr_4/M_Ddr.runs/impl_1/example_top.ltx} [get_hw_devices xc7k325t_0]
set_property PROGRAM.FILE {D:/Project_MySelf/1_LcdDis/Vivado/M_Ddr_4/M_Ddr.runs/impl_1/example_top.bit} [get_hw_devices xc7k325t_0]
program_hw_devices [get_hw_devices xc7k325t_0]
refresh_hw_device [lindex [get_hw_devices xc7k325t_0] 0]
set_property PROBES.FILE {D:/Project_MySelf/1_LcdDis/Vivado/M_Ddr_4/M_Ddr.runs/impl_1/example_top.ltx} [get_hw_devices xc7k325t_0]
set_property FULL_PROBES.FILE {D:/Project_MySelf/1_LcdDis/Vivado/M_Ddr_4/M_Ddr.runs/impl_1/example_top.ltx} [get_hw_devices xc7k325t_0]
set_property PROGRAM.FILE {D:/Project_MySelf/1_LcdDis/Vivado/M_Ddr_4/M_Ddr.runs/impl_1/example_top.bit} [get_hw_devices xc7k325t_0]
program_hw_devices [get_hw_devices xc7k325t_0]
refresh_hw_device [lindex [get_hw_devices xc7k325t_0] 0]
run_hw_ila [get_hw_ilas -of_objects [get_hw_devices xc7k325t_0] -filter {CELL_NAME=~"U_ila_0"}]
wait_on_hw_ila [get_hw_ilas -of_objects [get_hw_devices xc7k325t_0] -filter {CELL_NAME=~"U_ila_0"}]
display_hw_ila_data [upload_hw_ila_data [get_hw_ilas -of_objects [get_hw_devices xc7k325t_0] -filter {CELL_NAME=~"U_ila_0"}]]
run_hw_ila [get_hw_ilas -of_objects [get_hw_devices xc7k325t_0] -filter {CELL_NAME=~"U_ila_0"}]
wait_on_hw_ila [get_hw_ilas -of_objects [get_hw_devices xc7k325t_0] -filter {CELL_NAME=~"U_ila_0"}]
display_hw_ila_data [upload_hw_ila_data [get_hw_ilas -of_objects [get_hw_devices xc7k325t_0] -filter {CELL_NAME=~"U_ila_0"}]]
run_hw_ila [get_hw_ilas -of_objects [get_hw_devices xc7k325t_0] -filter {CELL_NAME=~"U_ila_0"}]
wait_on_hw_ila [get_hw_ilas -of_objects [get_hw_devices xc7k325t_0] -filter {CELL_NAME=~"U_ila_0"}]
display_hw_ila_data [upload_hw_ila_data [get_hw_ilas -of_objects [get_hw_devices xc7k325t_0] -filter {CELL_NAME=~"U_ila_0"}]]
run_hw_ila [get_hw_ilas -of_objects [get_hw_devices xc7k325t_0] -filter {CELL_NAME=~"U_ila_0"}]
wait_on_hw_ila [get_hw_ilas -of_objects [get_hw_devices xc7k325t_0] -filter {CELL_NAME=~"U_ila_0"}]
display_hw_ila_data [upload_hw_ila_data [get_hw_ilas -of_objects [get_hw_devices xc7k325t_0] -filter {CELL_NAME=~"U_ila_0"}]]
run_hw_ila [get_hw_ilas -of_objects [get_hw_devices xc7k325t_0] -filter {CELL_NAME=~"U_ila_0"}] -trigger_now
wait_on_hw_ila [get_hw_ilas -of_objects [get_hw_devices xc7k325t_0] -filter {CELL_NAME=~"U_ila_0"}]
display_hw_ila_data [upload_hw_ila_data [get_hw_ilas -of_objects [get_hw_devices xc7k325t_0] -filter {CELL_NAME=~"U_ila_0"}]]
run_hw_ila [get_hw_ilas -of_objects [get_hw_devices xc7k325t_0] -filter {CELL_NAME=~"U_ila_0"}]
wait_on_hw_ila [get_hw_ilas -of_objects [get_hw_devices xc7k325t_0] -filter {CELL_NAME=~"U_ila_0"}]
display_hw_ila_data [upload_hw_ila_data [get_hw_ilas -of_objects [get_hw_devices xc7k325t_0] -filter {CELL_NAME=~"U_ila_0"}]]
run_hw_ila [get_hw_ilas -of_objects [get_hw_devices xc7k325t_0] -filter {CELL_NAME=~"U_ila_0"}]
wait_on_hw_ila [get_hw_ilas -of_objects [get_hw_devices xc7k325t_0] -filter {CELL_NAME=~"U_ila_0"}]
display_hw_ila_data [upload_hw_ila_data [get_hw_ilas -of_objects [get_hw_devices xc7k325t_0] -filter {CELL_NAME=~"U_ila_0"}]]
run_hw_ila [get_hw_ilas -of_objects [get_hw_devices xc7k325t_0] -filter {CELL_NAME=~"U_ila_0"}]
wait_on_hw_ila [get_hw_ilas -of_objects [get_hw_devices xc7k325t_0] -filter {CELL_NAME=~"U_ila_0"}]
display_hw_ila_data [upload_hw_ila_data [get_hw_ilas -of_objects [get_hw_devices xc7k325t_0] -filter {CELL_NAME=~"U_ila_0"}]]
run_hw_ila [get_hw_ilas -of_objects [get_hw_devices xc7k325t_0] -filter {CELL_NAME=~"U_ila_0"}]
wait_on_hw_ila [get_hw_ilas -of_objects [get_hw_devices xc7k325t_0] -filter {CELL_NAME=~"U_ila_0"}]
display_hw_ila_data [upload_hw_ila_data [get_hw_ilas -of_objects [get_hw_devices xc7k325t_0] -filter {CELL_NAME=~"U_ila_0"}]]
run_hw_ila [get_hw_ilas -of_objects [get_hw_devices xc7k325t_0] -filter {CELL_NAME=~"U_ila_0"}]
wait_on_hw_ila [get_hw_ilas -of_objects [get_hw_devices xc7k325t_0] -filter {CELL_NAME=~"U_ila_0"}]
display_hw_ila_data [upload_hw_ila_data [get_hw_ilas -of_objects [get_hw_devices xc7k325t_0] -filter {CELL_NAME=~"U_ila_0"}]]
run_hw_ila [get_hw_ilas -of_objects [get_hw_devices xc7k325t_0] -filter {CELL_NAME=~"U_ila_0"}]
wait_on_hw_ila [get_hw_ilas -of_objects [get_hw_devices xc7k325t_0] -filter {CELL_NAME=~"U_ila_0"}]
display_hw_ila_data [upload_hw_ila_data [get_hw_ilas -of_objects [get_hw_devices xc7k325t_0] -filter {CELL_NAME=~"U_ila_0"}]]
run_hw_ila [get_hw_ilas -of_objects [get_hw_devices xc7k325t_0] -filter {CELL_NAME=~"U_ila_0"}]
wait_on_hw_ila [get_hw_ilas -of_objects [get_hw_devices xc7k325t_0] -filter {CELL_NAME=~"U_ila_0"}]
display_hw_ila_data [upload_hw_ila_data [get_hw_ilas -of_objects [get_hw_devices xc7k325t_0] -filter {CELL_NAME=~"U_ila_0"}]]
run_hw_ila [get_hw_ilas -of_objects [get_hw_devices xc7k325t_0] -filter {CELL_NAME=~"U_ila_0"}]
wait_on_hw_ila [get_hw_ilas -of_objects [get_hw_devices xc7k325t_0] -filter {CELL_NAME=~"U_ila_0"}]
display_hw_ila_data [upload_hw_ila_data [get_hw_ilas -of_objects [get_hw_devices xc7k325t_0] -filter {CELL_NAME=~"U_ila_0"}]]
run_hw_ila [get_hw_ilas -of_objects [get_hw_devices xc7k325t_0] -filter {CELL_NAME=~"U_ila_0"}]
wait_on_hw_ila [get_hw_ilas -of_objects [get_hw_devices xc7k325t_0] -filter {CELL_NAME=~"U_ila_0"}]
display_hw_ila_data [upload_hw_ila_data [get_hw_ilas -of_objects [get_hw_devices xc7k325t_0] -filter {CELL_NAME=~"U_ila_0"}]]
run_hw_ila [get_hw_ilas -of_objects [get_hw_devices xc7k325t_0] -filter {CELL_NAME=~"U_ila_0"}]
wait_on_hw_ila [get_hw_ilas -of_objects [get_hw_devices xc7k325t_0] -filter {CELL_NAME=~"U_ila_0"}]
display_hw_ila_data [upload_hw_ila_data [get_hw_ilas -of_objects [get_hw_devices xc7k325t_0] -filter {CELL_NAME=~"U_ila_0"}]]
run_hw_ila [get_hw_ilas -of_objects [get_hw_devices xc7k325t_0] -filter {CELL_NAME=~"U_ila_0"}]
wait_on_hw_ila [get_hw_ilas -of_objects [get_hw_devices xc7k325t_0] -filter {CELL_NAME=~"U_ila_0"}]
display_hw_ila_data [upload_hw_ila_data [get_hw_ilas -of_objects [get_hw_devices xc7k325t_0] -filter {CELL_NAME=~"U_ila_0"}]]
run_hw_ila [get_hw_ilas -of_objects [get_hw_devices xc7k325t_0] -filter {CELL_NAME=~"U_ila_0"}]
wait_on_hw_ila [get_hw_ilas -of_objects [get_hw_devices xc7k325t_0] -filter {CELL_NAME=~"U_ila_0"}]
display_hw_ila_data [upload_hw_ila_data [get_hw_ilas -of_objects [get_hw_devices xc7k325t_0] -filter {CELL_NAME=~"U_ila_0"}]]
run_hw_ila [get_hw_ilas -of_objects [get_hw_devices xc7k325t_0] -filter {CELL_NAME=~"U_ila_0"}]
wait_on_hw_ila [get_hw_ilas -of_objects [get_hw_devices xc7k325t_0] -filter {CELL_NAME=~"U_ila_0"}]
display_hw_ila_data [upload_hw_ila_data [get_hw_ilas -of_objects [get_hw_devices xc7k325t_0] -filter {CELL_NAME=~"U_ila_0"}]]
save_wave_config {D:/Project_MySelf/1_LcdDis/Vivado/M_Ddr_4/M_Ddr.hw/hw_1/wave/hw_ila_data_1/hw_ila_data_1.wcfg}
save_wave_config {D:/Project_MySelf/1_LcdDis/Vivado/M_Ddr_4/M_Ddr.hw/hw_1/wave/hw_ila_data_1/hw_ila_data_1.wcfg}
save_wave_config {D:/Project_MySelf/1_LcdDis/Vivado/M_Ddr_4/M_Ddr.hw/hw_1/wave/hw_ila_data_1/hw_ila_data_1.wcfg}
save_wave_config {D:/Project_MySelf/1_LcdDis/Vivado/M_Ddr_4/M_Ddr.hw/hw_1/wave/hw_ila_data_1/hw_ila_data_1.wcfg}
save_wave_config {D:/Project_MySelf/1_LcdDis/Vivado/M_Ddr_4/M_Ddr.hw/hw_1/wave/hw_ila_data_1/hw_ila_data_1.wcfg}
set_property PROBES.FILE {D:/Project_MySelf/1_LcdDis/Vivado/M_Ddr_4/M_Ddr.runs/impl_1/example_top.ltx} [get_hw_devices xc7k325t_0]
set_property FULL_PROBES.FILE {D:/Project_MySelf/1_LcdDis/Vivado/M_Ddr_4/M_Ddr.runs/impl_1/example_top.ltx} [get_hw_devices xc7k325t_0]
set_property PROGRAM.FILE {D:/Project_MySelf/1_LcdDis/Vivado/M_Ddr_4/M_Ddr.runs/impl_1/example_top.bit} [get_hw_devices xc7k325t_0]
program_hw_devices [get_hw_devices xc7k325t_0]
refresh_hw_device [lindex [get_hw_devices xc7k325t_0] 0]
display_hw_ila_data [ get_hw_ila_data hw_ila_data_1 -of_objects [get_hw_ilas -of_objects [get_hw_devices xc7k325t_0] -filter {CELL_NAME=~"U_ila_0"}]]
save_wave_config {D:/Project_MySelf/1_LcdDis/Vivado/M_Ddr_4/M_Ddr.hw/hw_1/wave/hw_ila_data_1/hw_ila_data_1.wcfg}
save_wave_config {D:/Project_MySelf/1_LcdDis/Vivado/M_Ddr_4/M_Ddr.hw/hw_1/wave/hw_ila_data_1/hw_ila_data_1.wcfg}
save_wave_config {D:/Project_MySelf/1_LcdDis/Vivado/M_Ddr_4/M_Ddr.hw/hw_1/wave/hw_ila_data_1/hw_ila_data_1.wcfg}
save_wave_config {D:/Project_MySelf/1_LcdDis/Vivado/M_Ddr_4/M_Ddr.hw/hw_1/wave/hw_ila_data_1/hw_ila_data_1.wcfg}
run_hw_ila [get_hw_ilas -of_objects [get_hw_devices xc7k325t_0] -filter {CELL_NAME=~"U_ila_0"}]
wait_on_hw_ila [get_hw_ilas -of_objects [get_hw_devices xc7k325t_0] -filter {CELL_NAME=~"U_ila_0"}]
display_hw_ila_data [upload_hw_ila_data [get_hw_ilas -of_objects [get_hw_devices xc7k325t_0] -filter {CELL_NAME=~"U_ila_0"}]]
save_wave_config {D:/Project_MySelf/1_LcdDis/Vivado/M_Ddr_4/M_Ddr.hw/hw_1/wave/hw_ila_data_1/hw_ila_data_1.wcfg}
save_wave_config {D:/Project_MySelf/1_LcdDis/Vivado/M_Ddr_4/M_Ddr.hw/hw_1/wave/hw_ila_data_1/hw_ila_data_1.wcfg}
close_hw
export_ip_user_files -of_objects  [get_files d:/Project_MySelf/1_LcdDis/Vivado/M_Ddr_4/M_Ddr.srcs/sources_1/ip/M_DdrCtrl/mig_b.prj] -no_script -reset -force -quiet
remove_files  d:/Project_MySelf/1_LcdDis/Vivado/M_Ddr_4/M_Ddr.srcs/sources_1/ip/M_DdrCtrl/mig_b.prj
export_ip_user_files -of_objects  [get_files D:/Project_MySelf/1_LcdDis/Vivado/M_Ddr_4/M_Ddr.srcs/sources_1/ip/M_DdrCtrl/M_DdrCtrl/example_design/rtl/example_top.vhd] -no_script -reset -force -quiet
remove_files  D:/Project_MySelf/1_LcdDis/Vivado/M_Ddr_4/M_Ddr.srcs/sources_1/ip/M_DdrCtrl/M_DdrCtrl/example_design/rtl/example_top.vhd
update_compile_order -fileset sources_1
add_files -norecurse D:/Project_MySelf/1_LcdDis/Vivado/M_Ddr_4/M_Ddr.srcs/sources_1/ip/M_DdrCtrl/M_DdrCtrl/example_design/rtl/example_top.vhd
update_compile_order -fileset sources_1
update_compile_order -fileset sources_1
reset_run synth_1
launch_runs impl_1 -to_step write_bitstream -jobs 4
wait_on_run impl_1
open_hw
connect_hw_server
open_hw_target
set_property PROGRAM.FILE {D:/Project_MySelf/1_LcdDis/Vivado/M_Ddr_4/M_Ddr.runs/impl_1/example_top.bit} [get_hw_devices xc7k325t_0]
set_property PROBES.FILE {D:/Project_MySelf/1_LcdDis/Vivado/M_Ddr_4/M_Ddr.runs/impl_1/example_top.ltx} [get_hw_devices xc7k325t_0]
set_property FULL_PROBES.FILE {D:/Project_MySelf/1_LcdDis/Vivado/M_Ddr_4/M_Ddr.runs/impl_1/example_top.ltx} [get_hw_devices xc7k325t_0]
current_hw_device [get_hw_devices xc7k325t_0]
refresh_hw_device [lindex [get_hw_devices xc7k325t_0] 0]
set_property PROBES.FILE {D:/Project_MySelf/1_LcdDis/Vivado/M_Ddr_4/M_Ddr.runs/impl_1/example_top.ltx} [get_hw_devices xc7k325t_0]
set_property FULL_PROBES.FILE {D:/Project_MySelf/1_LcdDis/Vivado/M_Ddr_4/M_Ddr.runs/impl_1/example_top.ltx} [get_hw_devices xc7k325t_0]
set_property PROGRAM.FILE {D:/Project_MySelf/1_LcdDis/Vivado/M_Ddr_4/M_Ddr.runs/impl_1/example_top.bit} [get_hw_devices xc7k325t_0]
program_hw_devices [get_hw_devices xc7k325t_0]
refresh_hw_device [lindex [get_hw_devices xc7k325t_0] 0]
set_property PROBES.FILE {D:/Project_MySelf/1_LcdDis/Vivado/M_Ddr_4/M_Ddr.runs/impl_1/example_top.ltx} [get_hw_devices xc7k325t_0]
set_property FULL_PROBES.FILE {D:/Project_MySelf/1_LcdDis/Vivado/M_Ddr_4/M_Ddr.runs/impl_1/example_top.ltx} [get_hw_devices xc7k325t_0]
set_property PROGRAM.FILE {D:/Project_MySelf/1_LcdDis/Vivado/M_Ddr_4/M_Ddr.runs/impl_1/example_top.bit} [get_hw_devices xc7k325t_0]
program_hw_devices [get_hw_devices xc7k325t_0]
refresh_hw_device [lindex [get_hw_devices xc7k325t_0] 0]
set_property PROBES.FILE {D:/Project_MySelf/1_LcdDis/Vivado/M_Ddr_4/M_Ddr.runs/impl_1/example_top.ltx} [get_hw_devices xc7k325t_0]
set_property FULL_PROBES.FILE {D:/Project_MySelf/1_LcdDis/Vivado/M_Ddr_4/M_Ddr.runs/impl_1/example_top.ltx} [get_hw_devices xc7k325t_0]
set_property PROGRAM.FILE {D:/Project_MySelf/1_LcdDis/Vivado/M_Ddr_4/M_Ddr.runs/impl_1/example_top.bit} [get_hw_devices xc7k325t_0]
program_hw_devices [get_hw_devices xc7k325t_0]
refresh_hw_device [lindex [get_hw_devices xc7k325t_0] 0]
display_hw_ila_data [ get_hw_ila_data hw_ila_data_1 -of_objects [get_hw_ilas -of_objects [get_hw_devices xc7k325t_0] -filter {CELL_NAME=~"U_ila_0"}]]
run_hw_ila [get_hw_ilas -of_objects [get_hw_devices xc7k325t_0] -filter {CELL_NAME=~"U_ila_0"}]
wait_on_hw_ila [get_hw_ilas -of_objects [get_hw_devices xc7k325t_0] -filter {CELL_NAME=~"U_ila_0"}]
display_hw_ila_data [upload_hw_ila_data [get_hw_ilas -of_objects [get_hw_devices xc7k325t_0] -filter {CELL_NAME=~"U_ila_0"}]]
run_hw_ila [get_hw_ilas -of_objects [get_hw_devices xc7k325t_0] -filter {CELL_NAME=~"U_ila_0"}]
wait_on_hw_ila [get_hw_ilas -of_objects [get_hw_devices xc7k325t_0] -filter {CELL_NAME=~"U_ila_0"}]
display_hw_ila_data [upload_hw_ila_data [get_hw_ilas -of_objects [get_hw_devices xc7k325t_0] -filter {CELL_NAME=~"U_ila_0"}]]
run_hw_ila [get_hw_ilas -of_objects [get_hw_devices xc7k325t_0] -filter {CELL_NAME=~"U_ila_0"}]
wait_on_hw_ila [get_hw_ilas -of_objects [get_hw_devices xc7k325t_0] -filter {CELL_NAME=~"U_ila_0"}]
display_hw_ila_data [upload_hw_ila_data [get_hw_ilas -of_objects [get_hw_devices xc7k325t_0] -filter {CELL_NAME=~"U_ila_0"}]]
run_hw_ila [get_hw_ilas -of_objects [get_hw_devices xc7k325t_0] -filter {CELL_NAME=~"U_ila_0"}]
wait_on_hw_ila [get_hw_ilas -of_objects [get_hw_devices xc7k325t_0] -filter {CELL_NAME=~"U_ila_0"}]
display_hw_ila_data [upload_hw_ila_data [get_hw_ilas -of_objects [get_hw_devices xc7k325t_0] -filter {CELL_NAME=~"U_ila_0"}]]
run_hw_ila [get_hw_ilas -of_objects [get_hw_devices xc7k325t_0] -filter {CELL_NAME=~"U_ila_0"}]
wait_on_hw_ila [get_hw_ilas -of_objects [get_hw_devices xc7k325t_0] -filter {CELL_NAME=~"U_ila_0"}]
display_hw_ila_data [upload_hw_ila_data [get_hw_ilas -of_objects [get_hw_devices xc7k325t_0] -filter {CELL_NAME=~"U_ila_0"}]]
run_hw_ila [get_hw_ilas -of_objects [get_hw_devices xc7k325t_0] -filter {CELL_NAME=~"U_ila_0"}]
wait_on_hw_ila [get_hw_ilas -of_objects [get_hw_devices xc7k325t_0] -filter {CELL_NAME=~"U_ila_0"}]
display_hw_ila_data [upload_hw_ila_data [get_hw_ilas -of_objects [get_hw_devices xc7k325t_0] -filter {CELL_NAME=~"U_ila_0"}]]
run_hw_ila [get_hw_ilas -of_objects [get_hw_devices xc7k325t_0] -filter {CELL_NAME=~"U_ila_0"}]
wait_on_hw_ila [get_hw_ilas -of_objects [get_hw_devices xc7k325t_0] -filter {CELL_NAME=~"U_ila_0"}]
display_hw_ila_data [upload_hw_ila_data [get_hw_ilas -of_objects [get_hw_devices xc7k325t_0] -filter {CELL_NAME=~"U_ila_0"}]]
save_wave_config {D:/Project_MySelf/1_LcdDis/Vivado/M_Ddr_4/M_Ddr.hw/hw_1/wave/hw_ila_data_1/hw_ila_data_1.wcfg}
close_hw
open_hw
connect_hw_server
open_hw_target
set_property PROGRAM.FILE {D:/Project_MySelf/1_LcdDis/Vivado/M_Ddr_4/M_Ddr.runs/impl_1/example_top.bit} [get_hw_devices xc7k325t_0]
set_property PROBES.FILE {D:/Project_MySelf/1_LcdDis/Vivado/M_Ddr_4/M_Ddr.runs/impl_1/example_top.ltx} [get_hw_devices xc7k325t_0]
set_property FULL_PROBES.FILE {D:/Project_MySelf/1_LcdDis/Vivado/M_Ddr_4/M_Ddr.runs/impl_1/example_top.ltx} [get_hw_devices xc7k325t_0]
current_hw_device [get_hw_devices xc7k325t_0]
refresh_hw_device [lindex [get_hw_devices xc7k325t_0] 0]
set_property PROBES.FILE {D:/Project_MySelf/1_LcdDis/Vivado/M_Ddr_4/M_Ddr.runs/impl_1/example_top.ltx} [get_hw_devices xc7k325t_0]
set_property FULL_PROBES.FILE {D:/Project_MySelf/1_LcdDis/Vivado/M_Ddr_4/M_Ddr.runs/impl_1/example_top.ltx} [get_hw_devices xc7k325t_0]
set_property PROGRAM.FILE {D:/Project_MySelf/1_LcdDis/Vivado/M_Ddr_4/M_Ddr.runs/impl_1/example_top.bit} [get_hw_devices xc7k325t_0]
program_hw_devices [get_hw_devices xc7k325t_0]
refresh_hw_device [lindex [get_hw_devices xc7k325t_0] 0]
display_hw_ila_data [ get_hw_ila_data hw_ila_data_1 -of_objects [get_hw_ilas -of_objects [get_hw_devices xc7k325t_0] -filter {CELL_NAME=~"U_ila_0"}]]
run_hw_ila [get_hw_ilas -of_objects [get_hw_devices xc7k325t_0] -filter {CELL_NAME=~"U_ila_0"}]
wait_on_hw_ila [get_hw_ilas -of_objects [get_hw_devices xc7k325t_0] -filter {CELL_NAME=~"U_ila_0"}]
display_hw_ila_data [upload_hw_ila_data [get_hw_ilas -of_objects [get_hw_devices xc7k325t_0] -filter {CELL_NAME=~"U_ila_0"}]]
run_hw_ila [get_hw_ilas -of_objects [get_hw_devices xc7k325t_0] -filter {CELL_NAME=~"U_ila_0"}]
wait_on_hw_ila [get_hw_ilas -of_objects [get_hw_devices xc7k325t_0] -filter {CELL_NAME=~"U_ila_0"}]
display_hw_ila_data [upload_hw_ila_data [get_hw_ilas -of_objects [get_hw_devices xc7k325t_0] -filter {CELL_NAME=~"U_ila_0"}]]
run_hw_ila [get_hw_ilas -of_objects [get_hw_devices xc7k325t_0] -filter {CELL_NAME=~"U_ila_0"}]
wait_on_hw_ila [get_hw_ilas -of_objects [get_hw_devices xc7k325t_0] -filter {CELL_NAME=~"U_ila_0"}]
display_hw_ila_data [upload_hw_ila_data [get_hw_ilas -of_objects [get_hw_devices xc7k325t_0] -filter {CELL_NAME=~"U_ila_0"}]]
run_hw_ila [get_hw_ilas -of_objects [get_hw_devices xc7k325t_0] -filter {CELL_NAME=~"U_ila_0"}]
wait_on_hw_ila [get_hw_ilas -of_objects [get_hw_devices xc7k325t_0] -filter {CELL_NAME=~"U_ila_0"}]
display_hw_ila_data [upload_hw_ila_data [get_hw_ilas -of_objects [get_hw_devices xc7k325t_0] -filter {CELL_NAME=~"U_ila_0"}]]
run_hw_ila [get_hw_ilas -of_objects [get_hw_devices xc7k325t_0] -filter {CELL_NAME=~"U_ila_0"}]
wait_on_hw_ila [get_hw_ilas -of_objects [get_hw_devices xc7k325t_0] -filter {CELL_NAME=~"U_ila_0"}]
display_hw_ila_data [upload_hw_ila_data [get_hw_ilas -of_objects [get_hw_devices xc7k325t_0] -filter {CELL_NAME=~"U_ila_0"}]]
run_hw_ila [get_hw_ilas -of_objects [get_hw_devices xc7k325t_0] -filter {CELL_NAME=~"U_ila_0"}]
wait_on_hw_ila [get_hw_ilas -of_objects [get_hw_devices xc7k325t_0] -filter {CELL_NAME=~"U_ila_0"}]
display_hw_ila_data [upload_hw_ila_data [get_hw_ilas -of_objects [get_hw_devices xc7k325t_0] -filter {CELL_NAME=~"U_ila_0"}]]
run_hw_ila [get_hw_ilas -of_objects [get_hw_devices xc7k325t_0] -filter {CELL_NAME=~"U_ila_0"}]
wait_on_hw_ila [get_hw_ilas -of_objects [get_hw_devices xc7k325t_0] -filter {CELL_NAME=~"U_ila_0"}]
display_hw_ila_data [upload_hw_ila_data [get_hw_ilas -of_objects [get_hw_devices xc7k325t_0] -filter {CELL_NAME=~"U_ila_0"}]]
run_hw_ila [get_hw_ilas -of_objects [get_hw_devices xc7k325t_0] -filter {CELL_NAME=~"U_ila_0"}]
wait_on_hw_ila [get_hw_ilas -of_objects [get_hw_devices xc7k325t_0] -filter {CELL_NAME=~"U_ila_0"}]
display_hw_ila_data [upload_hw_ila_data [get_hw_ilas -of_objects [get_hw_devices xc7k325t_0] -filter {CELL_NAME=~"U_ila_0"}]]
run_hw_ila [get_hw_ilas -of_objects [get_hw_devices xc7k325t_0] -filter {CELL_NAME=~"U_ila_0"}]
wait_on_hw_ila [get_hw_ilas -of_objects [get_hw_devices xc7k325t_0] -filter {CELL_NAME=~"U_ila_0"}]
display_hw_ila_data [upload_hw_ila_data [get_hw_ilas -of_objects [get_hw_devices xc7k325t_0] -filter {CELL_NAME=~"U_ila_0"}]]
run_hw_ila [get_hw_ilas -of_objects [get_hw_devices xc7k325t_0] -filter {CELL_NAME=~"U_ila_0"}]
wait_on_hw_ila [get_hw_ilas -of_objects [get_hw_devices xc7k325t_0] -filter {CELL_NAME=~"U_ila_0"}]
display_hw_ila_data [upload_hw_ila_data [get_hw_ilas -of_objects [get_hw_devices xc7k325t_0] -filter {CELL_NAME=~"U_ila_0"}]]
save_wave_config {D:/Project_MySelf/1_LcdDis/Vivado/M_Ddr_4/M_Ddr.hw/hw_1/wave/hw_ila_data_1/hw_ila_data_1.wcfg}
close_hw
