--------------------------------------------------------------------------------------
Timing Analyzer Summary
--------------------------------------------------------------------------------------

Type           : Worst-case tsu
Slack          : N/A
Required Time  : None
Actual Time    : 13.591 ns
From           : reset
To             : DALAY_FIT:inst1|pcm_clk_signal
From Clock     : --
To Clock       : clk
Failed Paths   : 0

Type           : Worst-case tco
Slack          : N/A
Required Time  : None
Actual Time    : 12.818 ns
From           : gen_int:inst13|INT
To             : int
From Clock     : clk
To Clock       : --
Failed Paths   : 0

Type           : Worst-case tpd
Slack          : N/A
Required Time  : None
Actual Time    : 12.308 ns
From           : Dpru_ASK
To             : Permit
From Clock     : --
To Clock       : --
Failed Paths   : 0

Type           : Worst-case th
Slack          : N/A
Required Time  : None
Actual Time    : 1.110 ns
From           : altera_internal_jtag~TDIUTAP
To             : sld_hub:sld_hub_inst|sld_dffex:IRF_ENA_0|Q[0]
From Clock     : --
To Clock       : altera_internal_jtag~TCKUTAP
Failed Paths   : 0

Type           : Clock Setup: 'altera_internal_jtag~TCKUTAP'
Slack          : N/A
Required Time  : None
Actual Time    : 86.15 MHz ( period = 11.608 ns )
From           : sld_hub:sld_hub_inst|jtag_debug_mode
To             : sld_hub:sld_hub_inst|hub_tdo_reg
From Clock     : altera_internal_jtag~TCKUTAP
To Clock       : altera_internal_jtag~TCKUTAP
Failed Paths   : 0

Type           : Clock Setup: 'clk'
Slack          : N/A
Required Time  : None
Actual Time    : 118.01 MHz ( period = 8.474 ns )
From           : DALAY_FIT:inst1|pcm_clk_signal_vector[0]
To             : DALAY_FIT:inst1|pcm_clk_signal
From Clock     : clk
To Clock       : clk
Failed Paths   : 0

Type           : Total number of failed paths
Slack          : 
Required Time  : 
Actual Time    : 
From           : 
To             : 
From Clock     : 
To Clock       : 
Failed Paths   : 0

--------------------------------------------------------------------------------------

