Release 14.7 Map P.20131013 (nt64)
Xilinx Map Application Log File for Design 'M_Top'

Design Information
------------------
Command Line   : map -intstyle ise -p xc7k325t-ffg900-2 -w -logic_opt off -ol
high -t 1 -xt 0 -register_duplication off -r 4 -mt off -ir off -pr off -lc off
-power off -o M_Top_map.ncd M_Top.ngd M_Top.pcf 
Target Device  : xc7k325t
Target Package : ffg900
Target Speed   : -2
Mapper Version : kintex7 -- $Revision: 1.55 $
Mapped Date    : Sun Dec 16 18:46:19 2018

Mapping design into LUTs...
Running directed packing...
Running delay-based LUT packing...
Updating timing models...
INFO:Map:215 - The Interim Design Summary has been generated in the MAP Report
   (.mrp).
Running timing-driven placement...
Total REAL time at the beginning of Placer: 40 secs 
Total CPU  time at the beginning of Placer: 39 secs 

Phase 1.1  Initial Placement Analysis
Phase 1.1  Initial Placement Analysis (Checksum:e99e2400) REAL time: 50 secs 

Phase 2.7  Design Feasibility Check
Phase 2.7  Design Feasibility Check (Checksum:e99e2400) REAL time: 51 secs 

Phase 3.31  Local Placement Optimization
Phase 3.31  Local Placement Optimization (Checksum:35f47764) REAL time: 51 secs 

Phase 4.2  Initial Placement for Architecture Specific Features

Phase 4.2  Initial Placement for Architecture Specific Features
(Checksum:ab19b8ec) REAL time: 1 mins 6 secs 

Phase 5.30  Global Clock Region Assignment
Phase 5.30  Global Clock Region Assignment (Checksum:ab19b8ec) REAL time: 1 mins 6 secs 

Phase 6.3  Local Placement Optimization
Phase 6.3  Local Placement Optimization (Checksum:ab19b8ec) REAL time: 1 mins 6 secs 

Phase 7.5  Local Placement Optimization
Phase 7.5  Local Placement Optimization (Checksum:ab19b8ec) REAL time: 1 mins 6 secs 

Phase 8.8  Global Placement
..........................
....................................................................................
...................................................................................................
.........................................................................................................
Phase 8.8  Global Placement (Checksum:bf88eeaa) REAL time: 2 mins 43 secs 

Phase 9.5  Local Placement Optimization
Phase 9.5  Local Placement Optimization (Checksum:bf88eeaa) REAL time: 2 mins 44 secs 

Phase 10.18  Placement Optimization
Phase 10.18  Placement Optimization (Checksum:4b8e1815) REAL time: 3 mins 7 secs 

Phase 11.5  Local Placement Optimization
Phase 11.5  Local Placement Optimization (Checksum:4b8e1815) REAL time: 3 mins 8 secs 

Phase 12.34  Placement Validation
Phase 12.34  Placement Validation (Checksum:4b8e1815) REAL time: 3 mins 8 secs 

Total REAL time to Placer completion: 3 mins 40 secs 
Total CPU  time to Placer completion: 3 mins 40 secs 
Running post-placement packing...
Writing output files...
WARNING:PhysDesignRules:372 - Gated clock. Clock net PrSv_ChipCtrl0_s<13> is
   sourced by a combinatorial pin. This is not good design practice. Use the CE
   pin to control the loading of data into the flip-flop.
WARNING:PhysDesignRules:367 - The signal
   <V7_INS_DUMMY_IBUFDSIBUFDIS_ML_IBUFDS_IBUFDISABLE_3_ML_NEW_IBUFDISABLE> is
   incomplete. The signal does not drive any load pins in the design.
WARNING:PhysDesignRules:367 - The signal
   <V7_INS_DUMMY_IBUFDSIBUFDIS_ML_IBUFDS_IBUFDISABLE_1_ML_NEW_IBUFDISABLE> is
   incomplete. The signal does not drive any load pins in the design.
WARNING:PhysDesignRules:367 - The signal
   <u_traffic_gen_top/u_memc_traffic_gen/RD_PATH.read_data_path/read_postedfifo/
   rd_fifo/Mram_mem6_RAMD_D1_O> is incomplete. The signal does not drive any
   load pins in the design.
WARNING:PhysDesignRules:367 - The signal
   <u_traffic_gen_top/u_memc_traffic_gen/RD_PATH.read_data_path/read_postedfifo/
   rd_fifo/Mram_mem7_RAMD_D1_O> is incomplete. The signal does not drive any
   load pins in the design.
WARNING:PhysDesignRules:367 - The signal
   <u_traffic_gen_top/u_memc_traffic_gen/RD_PATH.read_data_path/read_postedfifo/
   rd_fifo/Mram_mem3_RAMD_D1_O> is incomplete. The signal does not drive any
   load pins in the design.
WARNING:PhysDesignRules:367 - The signal
   <u_traffic_gen_top/u_memc_traffic_gen/RD_PATH.read_data_path/read_postedfifo/
   rd_fifo/Mram_mem1_RAMD_D1_O> is incomplete. The signal does not drive any
   load pins in the design.
WARNING:PhysDesignRules:367 - The signal
   <u_traffic_gen_top/u_memc_traffic_gen/RD_PATH.read_data_path/read_postedfifo/
   rd_fifo/Mram_mem5_RAMD_D1_O> is incomplete. The signal does not drive any
   load pins in the design.
WARNING:PhysDesignRules:367 - The signal
   <u_traffic_gen_top/u_memc_traffic_gen/RD_PATH.read_data_path/read_postedfifo/
   rd_fifo/Mram_mem4_RAMD_D1_O> is incomplete. The signal does not drive any
   load pins in the design.
WARNING:PhysDesignRules:367 - The signal
   <u_traffic_gen_top/u_memc_traffic_gen/RD_PATH.read_data_path/read_postedfifo/
   rd_fifo/Mram_mem2_RAMD_D1_O> is incomplete. The signal does not drive any
   load pins in the design.
WARNING:PhysDesignRules:367 - The signal
   <u_traffic_gen_top/u_memc_traffic_gen/WR_PATH.write_data_path/wr_data_gen/s7v
   en_data_gen/vio_init_pattern_bram/Mram_mem_01_RAMD_D1_O> is incomplete. The
   signal does not drive any load pins in the design.
WARNING:PhysDesignRules:367 - The signal
   <u_traffic_gen_top/u_memc_traffic_gen/WR_PATH.write_data_path/wr_data_gen/s7v
   en_data_gen/vio_init_pattern_bram/Mram_mem_11_RAMD_D1_O> is incomplete. The
   signal does not drive any load pins in the design.
WARNING:PhysDesignRules:367 - The signal
   <u_traffic_gen_top/u_memc_traffic_gen/WR_PATH.write_data_path/wr_data_gen/s7v
   en_data_gen/vio_init_pattern_bram/Mram_mem_21_RAMD_D1_O> is incomplete. The
   signal does not drive any load pins in the design.
WARNING:PhysDesignRules:367 - The signal
   <u_M_DdrCtrl/u_memc_ui_top_std/u_ui_top/ui_wr_data0/pointer_ram.rams[1].RAM32
   M0_RAMA_D1_DPO> is incomplete. The signal does not drive any load pins in the
   design.
WARNING:PhysDesignRules:367 - The signal
   <u_M_DdrCtrl/u_memc_ui_top_std/u_ui_top/ui_wr_data0/pointer_ram.rams[1].RAM32
   M0_RAMD_D1_O> is incomplete. The signal does not drive any load pins in the
   design.
WARNING:PhysDesignRules:367 - The signal
   <u_traffic_gen_top/u_memc_traffic_gen/WR_PATH.write_data_path/wr_data_gen/s7v
   en_data_gen/vio_init_pattern_bram/Mram_mem_31_RAMD_D1_O> is incomplete. The
   signal does not drive any load pins in the design.
WARNING:PhysDesignRules:367 - The signal
   <u_traffic_gen_top/u_memc_traffic_gen/RD_PATH.read_data_path/rd_datagen/s7ven
   _data_gen/vio_init_pattern_bram/Mram_mem_11_RAMD_D1_O> is incomplete. The
   signal does not drive any load pins in the design.
WARNING:PhysDesignRules:367 - The signal
   <u_M_DdrCtrl/u_memc_ui_top_std/u_ui_top/ui_wr_data0/pointer_ram.rams[0].RAM32
   M0_RAMA_D1_DPO> is incomplete. The signal does not drive any load pins in the
   design.
WARNING:PhysDesignRules:367 - The signal
   <u_M_DdrCtrl/u_memc_ui_top_std/u_ui_top/ui_wr_data0/pointer_ram.rams[0].RAM32
   M0_RAMD_D1_O> is incomplete. The signal does not drive any load pins in the
   design.
WARNING:PhysDesignRules:367 - The signal
   <u_M_DdrCtrl/u_memc_ui_top_std/u_ui_top/ui_rd_data0/not_strict_mode.status_ra
   m.RAM32M0_RAMB_D1_DPO> is incomplete. The signal does not drive any load pins
   in the design.
WARNING:PhysDesignRules:367 - The signal
   <u_M_DdrCtrl/u_memc_ui_top_std/u_ui_top/ui_rd_data0/not_strict_mode.status_ra
   m.RAM32M0_RAMD_D1_O> is incomplete. The signal does not drive any load pins
   in the design.
WARNING:PhysDesignRules:367 - The signal
   <u_traffic_gen_top/u_memc_traffic_gen/RD_PATH.read_data_path/rd_datagen/s7ven
   _data_gen/vio_init_pattern_bram/Mram_mem_01_RAMD_D1_O> is incomplete. The
   signal does not drive any load pins in the design.
WARNING:PhysDesignRules:367 - The signal
   <u_traffic_gen_top/u_memc_traffic_gen/RD_PATH.read_data_path/rd_datagen/s7ven
   _data_gen/vio_init_pattern_bram/Mram_mem_21_RAMD_D1_O> is incomplete. The
   signal does not drive any load pins in the design.
WARNING:PhysDesignRules:367 - The signal
   <u_traffic_gen_top/u_memc_traffic_gen/RD_PATH.read_data_path/rd_datagen/s7ven
   _data_gen/vio_init_pattern_bram/Mram_mem_31_RAMD_D1_O> is incomplete. The
   signal does not drive any load pins in the design.
WARNING:PhysDesignRules:367 - The signal
   <u_M_DdrCtrl/u_memc_ui_top_std/mem_intfc0/mc0/col_mach0/read_fifo.fifo_ram[0]
   .RAM32M0_RAMD_D1_O> is incomplete. The signal does not drive any load pins in
   the design.
WARNING:PhysDesignRules:367 - The signal
   <u_M_DdrCtrl/u_memc_ui_top_std/mem_intfc0/mc0/col_mach0/read_fifo.fifo_ram[1]
   .RAM32M0_RAMA_D1_DPO> is incomplete. The signal does not drive any load pins
   in the design.
WARNING:PhysDesignRules:367 - The signal
   <u_M_DdrCtrl/u_memc_ui_top_std/mem_intfc0/mc0/col_mach0/read_fifo.fifo_ram[1]
   .RAM32M0_RAMB_D1_DPO> is incomplete. The signal does not drive any load pins
   in the design.
WARNING:PhysDesignRules:367 - The signal
   <u_M_DdrCtrl/u_memc_ui_top_std/mem_intfc0/mc0/col_mach0/read_fifo.fifo_ram[1]
   .RAM32M0_RAMD_D1_O> is incomplete. The signal does not drive any load pins in
   the design.
WARNING:PhysDesignRules:367 - The signal
   <u_M_DdrCtrl/u_memc_ui_top_std/u_ui_top/ui_rd_data0/not_strict_mode.rd_buf.rd
   _buffer_ram[10].RAM32M0_RAMD_D1_O> is incomplete. The signal does not drive
   any load pins in the design.
WARNING:PhysDesignRules:367 - The signal
   <u_M_DdrCtrl/u_memc_ui_top_std/u_ui_top/ui_rd_data0/not_strict_mode.rd_buf.rd
   _buffer_ram[13].RAM32M0_RAMD_D1_O> is incomplete. The signal does not drive
   any load pins in the design.
WARNING:PhysDesignRules:367 - The signal
   <u_M_DdrCtrl/u_memc_ui_top_std/u_ui_top/ui_wr_data0/write_buffer.wr_buffer_ra
   m[18].RAM32M0_RAMD_D1_O> is incomplete. The signal does not drive any load
   pins in the design.
WARNING:PhysDesignRules:367 - The signal
   <u_M_DdrCtrl/u_memc_ui_top_std/u_ui_top/ui_rd_data0/not_strict_mode.rd_buf.rd
   _buffer_ram[12].RAM32M0_RAMD_D1_O> is incomplete. The signal does not drive
   any load pins in the design.
WARNING:PhysDesignRules:367 - The signal
   <u_M_DdrCtrl/u_memc_ui_top_std/u_ui_top/ui_rd_data0/not_strict_mode.rd_buf.rd
   _buffer_ram[11].RAM32M0_RAMD_D1_O> is incomplete. The signal does not drive
   any load pins in the design.
WARNING:PhysDesignRules:367 - The signal
   <u_M_DdrCtrl/u_memc_ui_top_std/u_ui_top/ui_wr_data0/write_buffer.wr_buffer_ra
   m[1].RAM32M0_RAMD_D1_O> is incomplete. The signal does not drive any load
   pins in the design.
WARNING:PhysDesignRules:367 - The signal
   <u_M_DdrCtrl/u_memc_ui_top_std/u_ui_top/ui_rd_data0/not_strict_mode.rd_buf.rd
   _buffer_ram[17].RAM32M0_RAMD_D1_O> is incomplete. The signal does not drive
   any load pins in the design.
WARNING:PhysDesignRules:367 - The signal
   <u_M_DdrCtrl/u_memc_ui_top_std/u_ui_top/ui_rd_data0/not_strict_mode.rd_buf.rd
   _buffer_ram[6].RAM32M0_RAMD_D1_O> is incomplete. The signal does not drive
   any load pins in the design.
WARNING:PhysDesignRules:367 - The signal
   <u_M_DdrCtrl/u_memc_ui_top_std/u_ui_top/ui_rd_data0/not_strict_mode.rd_buf.rd
   _buffer_ram[0].RAM32M0_RAMD_D1_O> is incomplete. The signal does not drive
   any load pins in the design.
WARNING:PhysDesignRules:367 - The signal
   <u_M_DdrCtrl/u_memc_ui_top_std/u_ui_top/ui_rd_data0/not_strict_mode.rd_buf.rd
   _buffer_ram[15].RAM32M0_RAMD_D1_O> is incomplete. The signal does not drive
   any load pins in the design.
WARNING:PhysDesignRules:367 - The signal
   <u_M_DdrCtrl/u_memc_ui_top_std/u_ui_top/ui_wr_data0/write_buffer.wr_buffer_ra
   m[12].RAM32M0_RAMD_D1_O> is incomplete. The signal does not drive any load
   pins in the design.
WARNING:PhysDesignRules:367 - The signal
   <u_M_DdrCtrl/u_memc_ui_top_std/u_ui_top/ui_wr_data0/write_buffer.wr_buffer_ra
   m[17].RAM32M0_RAMD_D1_O> is incomplete. The signal does not drive any load
   pins in the design.
WARNING:PhysDesignRules:367 - The signal
   <u_M_DdrCtrl/u_memc_ui_top_std/u_ui_top/ui_rd_data0/not_strict_mode.rd_buf.rd
   _buffer_ram[16].RAM32M0_RAMD_D1_O> is incomplete. The signal does not drive
   any load pins in the design.
WARNING:PhysDesignRules:367 - The signal
   <u_M_DdrCtrl/u_memc_ui_top_std/u_ui_top/ui_rd_data0/not_strict_mode.rd_buf.rd
   _buffer_ram[14].RAM32M0_RAMD_D1_O> is incomplete. The signal does not drive
   any load pins in the design.
WARNING:PhysDesignRules:367 - The signal
   <u_M_DdrCtrl/u_memc_ui_top_std/mem_intfc0/ddr_phy_top0/u_ddr_mc_phy_wrapper/u
   _ddr_mc_phy/ddr_phy_4lanes_0.u_ddr_phy_4lanes/ddr_byte_lane_B.ddr_byte_lane_B
   /dq_gen_40.if_post_fifo_gen.u_ddr_if_post_fifo/Mram_mem11_RAMD_D1_O> is
   incomplete. The signal does not drive any load pins in the design.
WARNING:PhysDesignRules:367 - The signal
   <u_M_DdrCtrl/u_memc_ui_top_std/u_ui_top/ui_wr_data0/write_buffer.wr_buffer_ra
   m[7].RAM32M0_RAMD_D1_O> is incomplete. The signal does not drive any load
   pins in the design.
WARNING:PhysDesignRules:367 - The signal
   <u_M_DdrCtrl/u_memc_ui_top_std/u_ui_top/ui_wr_data0/write_buffer.wr_buffer_ra
   m[6].RAM32M0_RAMD_D1_O> is incomplete. The signal does not drive any load
   pins in the design.
WARNING:PhysDesignRules:367 - The signal
   <u_M_DdrCtrl/u_memc_ui_top_std/u_ui_top/ui_rd_data0/not_strict_mode.rd_buf.rd
   _buffer_ram[1].RAM32M0_RAMD_D1_O> is incomplete. The signal does not drive
   any load pins in the design.
WARNING:PhysDesignRules:367 - The signal
   <u_M_DdrCtrl/u_memc_ui_top_std/u_ui_top/ui_rd_data0/not_strict_mode.rd_buf.rd
   _buffer_ram[4].RAM32M0_RAMD_D1_O> is incomplete. The signal does not drive
   any load pins in the design.
WARNING:PhysDesignRules:367 - The signal
   <u_M_DdrCtrl/u_memc_ui_top_std/u_ui_top/ui_rd_data0/not_strict_mode.rd_buf.rd
   _buffer_ram[5].RAM32M0_RAMD_D1_O> is incomplete. The signal does not drive
   any load pins in the design.
WARNING:PhysDesignRules:367 - The signal
   <u_M_DdrCtrl/u_memc_ui_top_std/u_ui_top/ui_rd_data0/not_strict_mode.rd_buf.rd
   _buffer_ram[8].RAM32M0_RAMD_D1_O> is incomplete. The signal does not drive
   any load pins in the design.
WARNING:PhysDesignRules:367 - The signal
   <u_M_DdrCtrl/u_memc_ui_top_std/u_ui_top/ui_rd_data0/not_strict_mode.rd_buf.rd
   _buffer_ram[9].RAM32M0_RAMD_D1_O> is incomplete. The signal does not drive
   any load pins in the design.
WARNING:PhysDesignRules:367 - The signal
   <u_M_DdrCtrl/u_memc_ui_top_std/mem_intfc0/ddr_phy_top0/u_ddr_mc_phy_wrapper/u
   _ddr_mc_phy/ddr_phy_4lanes_0.u_ddr_phy_4lanes/ddr_byte_lane_B.ddr_byte_lane_B
   /dq_gen_40.if_post_fifo_gen.u_ddr_if_post_fifo/Mram_mem4_RAMD_D1_O> is
   incomplete. The signal does not drive any load pins in the design.
WARNING:PhysDesignRules:367 - The signal
   <u_M_DdrCtrl/u_memc_ui_top_std/mem_intfc0/ddr_phy_top0/u_ddr_mc_phy_wrapper/u
   _ddr_mc_phy/ddr_phy_4lanes_0.u_ddr_phy_4lanes/ddr_byte_lane_B.ddr_byte_lane_B
   /dq_gen_40.if_post_fifo_gen.u_ddr_if_post_fifo/Mram_mem10_RAMD_D1_O> is
   incomplete. The signal does not drive any load pins in the design.
WARNING:PhysDesignRules:367 - The signal
   <u_M_DdrCtrl/u_memc_ui_top_std/u_ui_top/ui_wr_data0/write_buffer.wr_buffer_ra
   m[10].RAM32M0_RAMD_D1_O> is incomplete. The signal does not drive any load
   pins in the design.
WARNING:PhysDesignRules:367 - The signal
   <u_M_DdrCtrl/u_memc_ui_top_std/u_ui_top/ui_wr_data0/write_buffer.wr_buffer_ra
   m[4].RAM32M0_RAMD_D1_O> is incomplete. The signal does not drive any load
   pins in the design.
WARNING:PhysDesignRules:367 - The signal
   <u_M_DdrCtrl/u_memc_ui_top_std/u_ui_top/ui_wr_data0/write_buffer.wr_buffer_ra
   m[2].RAM32M0_RAMD_D1_O> is incomplete. The signal does not drive any load
   pins in the design.
WARNING:PhysDesignRules:367 - The signal
   <u_M_DdrCtrl/u_memc_ui_top_std/u_ui_top/ui_wr_data0/write_buffer.wr_buffer_ra
   m[13].RAM32M0_RAMD_D1_O> is incomplete. The signal does not drive any load
   pins in the design.
WARNING:PhysDesignRules:367 - The signal
   <u_M_DdrCtrl/u_memc_ui_top_std/u_ui_top/ui_wr_data0/write_buffer.wr_buffer_ra
   m[5].RAM32M0_RAMD_D1_O> is incomplete. The signal does not drive any load
   pins in the design.
WARNING:PhysDesignRules:367 - The signal
   <u_M_DdrCtrl/u_memc_ui_top_std/u_ui_top/ui_wr_data0/write_buffer.wr_buffer_ra
   m[11].RAM32M0_RAMD_D1_O> is incomplete. The signal does not drive any load
   pins in the design.
WARNING:PhysDesignRules:367 - The signal
   <u_M_DdrCtrl/u_memc_ui_top_std/u_ui_top/ui_wr_data0/write_buffer.wr_buffer_ra
   m[0].RAM32M0_RAMD_D1_O> is incomplete. The signal does not drive any load
   pins in the design.
WARNING:PhysDesignRules:367 - The signal
   <u_M_DdrCtrl/u_memc_ui_top_std/u_ui_top/ui_rd_data0/not_strict_mode.rd_buf.rd
   _buffer_ram[21].RAM32M0_RAMA_D1_DPO> is incomplete. The signal does not drive
   any load pins in the design.
WARNING:PhysDesignRules:367 - The signal
   <u_M_DdrCtrl/u_memc_ui_top_std/u_ui_top/ui_rd_data0/not_strict_mode.rd_buf.rd
   _buffer_ram[21].RAM32M0_RAMB_D1_DPO> is incomplete. The signal does not drive
   any load pins in the design.
WARNING:PhysDesignRules:367 - The signal
   <u_M_DdrCtrl/u_memc_ui_top_std/u_ui_top/ui_rd_data0/not_strict_mode.rd_buf.rd
   _buffer_ram[21].RAM32M0_RAMD_D1_O> is incomplete. The signal does not drive
   any load pins in the design.
WARNING:PhysDesignRules:367 - The signal
   <u_M_DdrCtrl/u_memc_ui_top_std/u_ui_top/ui_rd_data0/not_strict_mode.rd_buf.rd
   _buffer_ram[18].RAM32M0_RAMD_D1_O> is incomplete. The signal does not drive
   any load pins in the design.
WARNING:PhysDesignRules:367 - The signal
   <u_M_DdrCtrl/u_memc_ui_top_std/mem_intfc0/ddr_phy_top0/u_ddr_mc_phy_wrapper/u
   _ddr_mc_phy/ddr_phy_4lanes_1.u_ddr_phy_4lanes/ddr_byte_lane_C.ddr_byte_lane_C
   /of_pre_fifo_gen.u_ddr_of_pre_fifo/Mram_mem8_RAMD_D1_O> is incomplete. The
   signal does not drive any load pins in the design.
WARNING:PhysDesignRules:367 - The signal
   <u_M_DdrCtrl/u_memc_ui_top_std/mem_intfc0/ddr_phy_top0/u_ddr_mc_phy_wrapper/u
   _ddr_mc_phy/ddr_phy_4lanes_1.u_ddr_phy_4lanes/ddr_byte_lane_C.ddr_byte_lane_C
   /of_pre_fifo_gen.u_ddr_of_pre_fifo/Mram_mem9_RAMD_D1_O> is incomplete. The
   signal does not drive any load pins in the design.
WARNING:PhysDesignRules:367 - The signal
   <u_M_DdrCtrl/u_memc_ui_top_std/u_ui_top/ui_wr_data0/write_buffer.wr_buffer_ra
   m[15].RAM32M0_RAMD_D1_O> is incomplete. The signal does not drive any load
   pins in the design.
WARNING:PhysDesignRules:367 - The signal
   <u_M_DdrCtrl/u_memc_ui_top_std/u_ui_top/ui_wr_data0/write_buffer.wr_buffer_ra
   m[20].RAM32M0_RAMD_D1_O> is incomplete. The signal does not drive any load
   pins in the design.
WARNING:PhysDesignRules:367 - The signal
   <u_M_DdrCtrl/u_memc_ui_top_std/mem_intfc0/ddr_phy_top0/u_ddr_mc_phy_wrapper/u
   _ddr_mc_phy/ddr_phy_4lanes_0.u_ddr_phy_4lanes/ddr_byte_lane_A.ddr_byte_lane_A
   /of_pre_fifo_gen.u_ddr_of_pre_fifo/Mram_mem9_RAMD_D1_O> is incomplete. The
   signal does not drive any load pins in the design.
WARNING:PhysDesignRules:367 - The signal
   <u_M_DdrCtrl/u_memc_ui_top_std/u_ui_top/ui_wr_data0/write_buffer.wr_buffer_ra
   m[9].RAM32M0_RAMD_D1_O> is incomplete. The signal does not drive any load
   pins in the design.
WARNING:PhysDesignRules:367 - The signal
   <u_M_DdrCtrl/u_memc_ui_top_std/u_ui_top/ui_wr_data0/write_buffer.wr_buffer_ra
   m[14].RAM32M0_RAMD_D1_O> is incomplete. The signal does not drive any load
   pins in the design.
WARNING:PhysDesignRules:367 - The signal
   <u_M_DdrCtrl/u_memc_ui_top_std/u_ui_top/ui_wr_data0/write_buffer.wr_buffer_ra
   m[19].RAM32M0_RAMD_D1_O> is incomplete. The signal does not drive any load
   pins in the design.
WARNING:PhysDesignRules:367 - The signal
   <u_M_DdrCtrl/u_memc_ui_top_std/u_ui_top/ui_wr_data0/write_buffer.wr_buffer_ra
   m[3].RAM32M0_RAMD_D1_O> is incomplete. The signal does not drive any load
   pins in the design.
WARNING:PhysDesignRules:367 - The signal
   <u_M_DdrCtrl/u_memc_ui_top_std/u_ui_top/ui_wr_data0/write_buffer.wr_buffer_ra
   m[16].RAM32M0_RAMD_D1_O> is incomplete. The signal does not drive any load
   pins in the design.
WARNING:PhysDesignRules:367 - The signal
   <u_M_DdrCtrl/u_memc_ui_top_std/mem_intfc0/ddr_phy_top0/u_ddr_mc_phy_wrapper/u
   _ddr_mc_phy/ddr_phy_4lanes_0.u_ddr_phy_4lanes/ddr_byte_lane_B.ddr_byte_lane_B
   /of_pre_fifo_gen.u_ddr_of_pre_fifo/Mram_mem13_RAMD_D1_O> is incomplete. The
   signal does not drive any load pins in the design.
WARNING:PhysDesignRules:367 - The signal
   <u_M_DdrCtrl/u_memc_ui_top_std/u_ui_top/ui_rd_data0/not_strict_mode.rd_buf.rd
   _buffer_ram[3].RAM32M0_RAMD_D1_O> is incomplete. The signal does not drive
   any load pins in the design.
WARNING:PhysDesignRules:367 - The signal
   <u_M_DdrCtrl/u_memc_ui_top_std/u_ui_top/ui_rd_data0/not_strict_mode.rd_buf.rd
   _buffer_ram[7].RAM32M0_RAMD_D1_O> is incomplete. The signal does not drive
   any load pins in the design.
WARNING:PhysDesignRules:367 - The signal
   <u_M_DdrCtrl/u_memc_ui_top_std/mem_intfc0/ddr_phy_top0/u_ddr_mc_phy_wrapper/u
   _ddr_mc_phy/ddr_phy_4lanes_0.u_ddr_phy_4lanes/ddr_byte_lane_A.ddr_byte_lane_A
   /dq_gen_40.if_post_fifo_gen.u_ddr_if_post_fifo/Mram_mem9_RAMD_D1_O> is
   incomplete. The signal does not drive any load pins in the design.
WARNING:PhysDesignRules:367 - The signal
   <u_M_DdrCtrl/u_memc_ui_top_std/mem_intfc0/ddr_phy_top0/u_ddr_mc_phy_wrapper/u
   _ddr_mc_phy/ddr_phy_4lanes_0.u_ddr_phy_4lanes/ddr_byte_lane_B.ddr_byte_lane_B
   /dq_gen_40.if_post_fifo_gen.u_ddr_if_post_fifo/Mram_mem9_RAMD_D1_O> is
   incomplete. The signal does not drive any load pins in the design.
WARNING:PhysDesignRules:367 - The signal
   <u_M_DdrCtrl/u_memc_ui_top_std/mem_intfc0/ddr_phy_top0/u_ddr_mc_phy_wrapper/u
   _ddr_mc_phy/ddr_phy_4lanes_0.u_ddr_phy_4lanes/ddr_byte_lane_B.ddr_byte_lane_B
   /dq_gen_40.if_post_fifo_gen.u_ddr_if_post_fifo/Mram_mem13_RAMD_D1_O> is
   incomplete. The signal does not drive any load pins in the design.
WARNING:PhysDesignRules:367 - The signal
   <u_M_DdrCtrl/u_memc_ui_top_std/mem_intfc0/ddr_phy_top0/u_ddr_mc_phy_wrapper/u
   _ddr_mc_phy/ddr_phy_4lanes_0.u_ddr_phy_4lanes/ddr_byte_lane_B.ddr_byte_lane_B
   /dq_gen_40.if_post_fifo_gen.u_ddr_if_post_fifo/Mram_mem12_RAMD_D1_O> is
   incomplete. The signal does not drive any load pins in the design.
WARNING:PhysDesignRules:367 - The signal
   <u_M_DdrCtrl/u_memc_ui_top_std/mem_intfc0/ddr_phy_top0/u_ddr_mc_phy_wrapper/u
   _ddr_mc_phy/ddr_phy_4lanes_1.u_ddr_phy_4lanes/ddr_byte_lane_C.ddr_byte_lane_C
   /of_pre_fifo_gen.u_ddr_of_pre_fifo/Mram_mem1_RAMD_D1_O> is incomplete. The
   signal does not drive any load pins in the design.
WARNING:PhysDesignRules:367 - The signal
   <u_M_DdrCtrl/u_memc_ui_top_std/mem_intfc0/ddr_phy_top0/u_ddr_mc_phy_wrapper/u
   _ddr_mc_phy/ddr_phy_4lanes_1.u_ddr_phy_4lanes/ddr_byte_lane_C.ddr_byte_lane_C
   /of_pre_fifo_gen.u_ddr_of_pre_fifo/Mram_mem11_RAMD_D1_O> is incomplete. The
   signal does not drive any load pins in the design.
WARNING:PhysDesignRules:367 - The signal
   <u_M_DdrCtrl/u_memc_ui_top_std/mem_intfc0/ddr_phy_top0/u_ddr_mc_phy_wrapper/u
   _ddr_mc_phy/ddr_phy_4lanes_1.u_ddr_phy_4lanes/ddr_byte_lane_C.ddr_byte_lane_C
   /of_pre_fifo_gen.u_ddr_of_pre_fifo/Mram_mem13_RAMD_D1_O> is incomplete. The
   signal does not drive any load pins in the design.
WARNING:PhysDesignRules:367 - The signal
   <u_M_DdrCtrl/u_memc_ui_top_std/mem_intfc0/ddr_phy_top0/u_ddr_mc_phy_wrapper/u
   _ddr_mc_phy/ddr_phy_4lanes_1.u_ddr_phy_4lanes/ddr_byte_lane_C.ddr_byte_lane_C
   /of_pre_fifo_gen.u_ddr_of_pre_fifo/Mram_mem10_RAMD_D1_O> is incomplete. The
   signal does not drive any load pins in the design.
WARNING:PhysDesignRules:367 - The signal
   <u_M_DdrCtrl/u_memc_ui_top_std/mem_intfc0/ddr_phy_top0/u_ddr_mc_phy_wrapper/u
   _ddr_mc_phy/ddr_phy_4lanes_1.u_ddr_phy_4lanes/ddr_byte_lane_C.ddr_byte_lane_C
   /of_pre_fifo_gen.u_ddr_of_pre_fifo/Mram_mem7_RAMD_D1_O> is incomplete. The
   signal does not drive any load pins in the design.
WARNING:PhysDesignRules:367 - The signal
   <u_M_DdrCtrl/u_memc_ui_top_std/mem_intfc0/ddr_phy_top0/u_ddr_mc_phy_wrapper/u
   _ddr_mc_phy/ddr_phy_4lanes_1.u_ddr_phy_4lanes/ddr_byte_lane_D.ddr_byte_lane_D
   /of_pre_fifo_gen.u_ddr_of_pre_fifo/Mram_mem3_RAMD_D1_O> is incomplete. The
   signal does not drive any load pins in the design.
WARNING:PhysDesignRules:367 - The signal
   <u_M_DdrCtrl/u_memc_ui_top_std/mem_intfc0/ddr_phy_top0/u_ddr_mc_phy_wrapper/u
   _ddr_mc_phy/ddr_phy_4lanes_1.u_ddr_phy_4lanes/ddr_byte_lane_D.ddr_byte_lane_D
   /of_pre_fifo_gen.u_ddr_of_pre_fifo/Mram_mem13_RAMD_D1_O> is incomplete. The
   signal does not drive any load pins in the design.
WARNING:PhysDesignRules:367 - The signal
   <u_M_DdrCtrl/u_memc_ui_top_std/mem_intfc0/ddr_phy_top0/u_ddr_mc_phy_wrapper/u
   _ddr_mc_phy/ddr_phy_4lanes_1.u_ddr_phy_4lanes/ddr_byte_lane_D.ddr_byte_lane_D
   /of_pre_fifo_gen.u_ddr_of_pre_fifo/Mram_mem2_RAMD_D1_O> is incomplete. The
   signal does not drive any load pins in the design.
WARNING:PhysDesignRules:367 - The signal
   <u_M_DdrCtrl/u_memc_ui_top_std/mem_intfc0/ddr_phy_top0/u_ddr_mc_phy_wrapper/u
   _ddr_mc_phy/ddr_phy_4lanes_1.u_ddr_phy_4lanes/ddr_byte_lane_D.ddr_byte_lane_D
   /of_pre_fifo_gen.u_ddr_of_pre_fifo/Mram_mem6_RAMD_D1_O> is incomplete. The
   signal does not drive any load pins in the design.
WARNING:PhysDesignRules:367 - The signal
   <u_M_DdrCtrl/u_memc_ui_top_std/mem_intfc0/ddr_phy_top0/u_ddr_mc_phy_wrapper/u
   _ddr_mc_phy/ddr_phy_4lanes_1.u_ddr_phy_4lanes/ddr_byte_lane_D.ddr_byte_lane_D
   /of_pre_fifo_gen.u_ddr_of_pre_fifo/Mram_mem5_RAMD_D1_O> is incomplete. The
   signal does not drive any load pins in the design.
WARNING:PhysDesignRules:367 - The signal
   <u_M_DdrCtrl/u_memc_ui_top_std/mem_intfc0/ddr_phy_top0/u_ddr_mc_phy_wrapper/u
   _ddr_mc_phy/ddr_phy_4lanes_1.u_ddr_phy_4lanes/ddr_byte_lane_D.ddr_byte_lane_D
   /of_pre_fifo_gen.u_ddr_of_pre_fifo/Mram_mem4_RAMD_D1_O> is incomplete. The
   signal does not drive any load pins in the design.
WARNING:PhysDesignRules:367 - The signal
   <u_M_DdrCtrl/u_memc_ui_top_std/mem_intfc0/ddr_phy_top0/u_ddr_mc_phy_wrapper/u
   _ddr_mc_phy/ddr_phy_4lanes_0.u_ddr_phy_4lanes/ddr_byte_lane_A.ddr_byte_lane_A
   /of_pre_fifo_gen.u_ddr_of_pre_fifo/Mram_mem11_RAMD_D1_O> is incomplete. The
   signal does not drive any load pins in the design.
WARNING:PhysDesignRules:367 - The signal
   <u_M_DdrCtrl/u_memc_ui_top_std/mem_intfc0/ddr_phy_top0/u_ddr_mc_phy_wrapper/u
   _ddr_mc_phy/ddr_phy_4lanes_0.u_ddr_phy_4lanes/ddr_byte_lane_A.ddr_byte_lane_A
   /of_pre_fifo_gen.u_ddr_of_pre_fifo/Mram_mem10_RAMD_D1_O> is incomplete. The
   signal does not drive any load pins in the design.
WARNING:PhysDesignRules:367 - The signal
   <u_M_DdrCtrl/u_memc_ui_top_std/mem_intfc0/ddr_phy_top0/u_ddr_mc_phy_wrapper/u
   _ddr_mc_phy/ddr_phy_4lanes_0.u_ddr_phy_4lanes/ddr_byte_lane_A.ddr_byte_lane_A
   /of_pre_fifo_gen.u_ddr_of_pre_fifo/Mram_mem3_RAMD_D1_O> is incomplete. The
   signal does not drive any load pins in the design.
WARNING:PhysDesignRules:367 - The signal
   <u_M_DdrCtrl/u_memc_ui_top_std/mem_intfc0/ddr_phy_top0/u_ddr_mc_phy_wrapper/u
   _ddr_mc_phy/ddr_phy_4lanes_0.u_ddr_phy_4lanes/ddr_byte_lane_A.ddr_byte_lane_A
   /of_pre_fifo_gen.u_ddr_of_pre_fifo/Mram_mem7_RAMD_D1_O> is incomplete. The
   signal does not drive any load pins in the design.
WARNING:PhysDesignRules:367 - The signal
   <u_M_DdrCtrl/u_memc_ui_top_std/mem_intfc0/ddr_phy_top0/u_ddr_mc_phy_wrapper/u
   _ddr_mc_phy/ddr_phy_4lanes_0.u_ddr_phy_4lanes/ddr_byte_lane_A.ddr_byte_lane_A
   /of_pre_fifo_gen.u_ddr_of_pre_fifo/Mram_mem8_RAMD_D1_O> is incomplete. The
   signal does not drive any load pins in the design.
WARNING:PhysDesignRules:367 - The signal
   <u_M_DdrCtrl/u_memc_ui_top_std/u_ui_top/ui_wr_data0/write_buffer.wr_buffer_ra
   m[8].RAM32M0_RAMD_D1_O> is incomplete. The signal does not drive any load
   pins in the design.
WARNING:PhysDesignRules:367 - The signal
   <u_M_DdrCtrl/u_memc_ui_top_std/mem_intfc0/ddr_phy_top0/u_ddr_mc_phy_wrapper/u
   _ddr_mc_phy/ddr_phy_4lanes_0.u_ddr_phy_4lanes/ddr_byte_lane_B.ddr_byte_lane_B
   /of_pre_fifo_gen.u_ddr_of_pre_fifo/Mram_mem3_RAMD_D1_O> is incomplete. The
   signal does not drive any load pins in the design.
WARNING:PhysDesignRules:367 - The signal
   <u_M_DdrCtrl/u_memc_ui_top_std/mem_intfc0/ddr_phy_top0/u_ddr_mc_phy_wrapper/u
   _ddr_mc_phy/ddr_phy_4lanes_0.u_ddr_phy_4lanes/ddr_byte_lane_B.ddr_byte_lane_B
   /of_pre_fifo_gen.u_ddr_of_pre_fifo/Mram_mem12_RAMD_D1_O> is incomplete. The
   signal does not drive any load pins in the design.
WARNING:PhysDesignRules:367 - The signal
   <u_M_DdrCtrl/u_memc_ui_top_std/mem_intfc0/ddr_phy_top0/u_ddr_mc_phy_wrapper/u
   _ddr_mc_phy/ddr_phy_4lanes_0.u_ddr_phy_4lanes/ddr_byte_lane_B.ddr_byte_lane_B
   /of_pre_fifo_gen.u_ddr_of_pre_fifo/Mram_mem11_RAMD_D1_O> is incomplete. The
   signal does not drive any load pins in the design.
WARNING:PhysDesignRules:367 - The signal
   <u_M_DdrCtrl/u_memc_ui_top_std/u_ui_top/ui_rd_data0/not_strict_mode.rd_buf.rd
   _buffer_ram[2].RAM32M0_RAMD_D1_O> is incomplete. The signal does not drive
   any load pins in the design.
WARNING:PhysDesignRules:367 - The signal
   <u_M_DdrCtrl/u_memc_ui_top_std/u_ui_top/ui_rd_data0/not_strict_mode.rd_buf.rd
   _buffer_ram[20].RAM32M0_RAMD_D1_O> is incomplete. The signal does not drive
   any load pins in the design.
WARNING:PhysDesignRules:367 - The signal
   <u_M_DdrCtrl/u_memc_ui_top_std/mem_intfc0/ddr_phy_top0/u_ddr_mc_phy_wrapper/u
   _ddr_mc_phy/ddr_phy_4lanes_0.u_ddr_phy_4lanes/ddr_byte_lane_A.ddr_byte_lane_A
   /dq_gen_40.if_post_fifo_gen.u_ddr_if_post_fifo/Mram_mem2_RAMD_D1_O> is
   incomplete. The signal does not drive any load pins in the design.
WARNING:PhysDesignRules:367 - The signal
   <u_M_DdrCtrl/u_memc_ui_top_std/mem_intfc0/ddr_phy_top0/u_ddr_mc_phy_wrapper/u
   _ddr_mc_phy/ddr_phy_4lanes_0.u_ddr_phy_4lanes/ddr_byte_lane_A.ddr_byte_lane_A
   /dq_gen_40.if_post_fifo_gen.u_ddr_if_post_fifo/Mram_mem1_RAMD_D1_O> is
   incomplete. The signal does not drive any load pins in the design.
WARNING:PhysDesignRules:367 - The signal
   <u_M_DdrCtrl/u_memc_ui_top_std/u_ui_top/ui_rd_data0/not_strict_mode.rd_buf.rd
   _buffer_ram[19].RAM32M0_RAMD_D1_O> is incomplete. The signal does not drive
   any load pins in the design.
WARNING:PhysDesignRules:367 - The signal
   <u_M_DdrCtrl/u_memc_ui_top_std/mem_intfc0/ddr_phy_top0/u_ddr_mc_phy_wrapper/u
   _ddr_mc_phy/ddr_phy_4lanes_0.u_ddr_phy_4lanes/ddr_byte_lane_B.ddr_byte_lane_B
   /dq_gen_40.if_post_fifo_gen.u_ddr_if_post_fifo/Mram_mem5_RAMD_D1_O> is
   incomplete. The signal does not drive any load pins in the design.
WARNING:PhysDesignRules:367 - The signal
   <u_M_DdrCtrl/u_memc_ui_top_std/mem_intfc0/ddr_phy_top0/u_ddr_mc_phy_wrapper/u
   _ddr_mc_phy/ddr_phy_4lanes_0.u_ddr_phy_4lanes/ddr_byte_lane_B.ddr_byte_lane_B
   /dq_gen_40.if_post_fifo_gen.u_ddr_if_post_fifo/Mram_mem6_RAMD_D1_O> is
   incomplete. The signal does not drive any load pins in the design.
WARNING:PhysDesignRules:367 - The signal
   <u_M_DdrCtrl/u_memc_ui_top_std/mem_intfc0/ddr_phy_top0/u_ddr_mc_phy_wrapper/u
   _ddr_mc_phy/ddr_phy_4lanes_0.u_ddr_phy_4lanes/ddr_byte_lane_B.ddr_byte_lane_B
   /dq_gen_40.if_post_fifo_gen.u_ddr_if_post_fifo/Mram_mem3_RAMD_D1_O> is
   incomplete. The signal does not drive any load pins in the design.
WARNING:PhysDesignRules:367 - The signal
   <u_M_DdrCtrl/u_memc_ui_top_std/mem_intfc0/ddr_phy_top0/u_ddr_mc_phy_wrapper/u
   _ddr_mc_phy/ddr_phy_4lanes_0.u_ddr_phy_4lanes/ddr_byte_lane_B.ddr_byte_lane_B
   /dq_gen_40.if_post_fifo_gen.u_ddr_if_post_fifo/Mram_mem7_RAMC_D1_DPO> is
   incomplete. The signal does not drive any load pins in the design.
WARNING:PhysDesignRules:367 - The signal
   <u_M_DdrCtrl/u_memc_ui_top_std/mem_intfc0/ddr_phy_top0/u_ddr_mc_phy_wrapper/u
   _ddr_mc_phy/ddr_phy_4lanes_0.u_ddr_phy_4lanes/ddr_byte_lane_B.ddr_byte_lane_B
   /dq_gen_40.if_post_fifo_gen.u_ddr_if_post_fifo/Mram_mem7_RAMD_D1_O> is
   incomplete. The signal does not drive any load pins in the design.
WARNING:PhysDesignRules:367 - The signal
   <u_M_DdrCtrl/u_memc_ui_top_std/mem_intfc0/ddr_phy_top0/u_ddr_mc_phy_wrapper/u
   _ddr_mc_phy/ddr_phy_4lanes_0.u_ddr_phy_4lanes/ddr_byte_lane_B.ddr_byte_lane_B
   /dq_gen_40.if_post_fifo_gen.u_ddr_if_post_fifo/Mram_mem2_RAMA_D1_DPO> is
   incomplete. The signal does not drive any load pins in the design.
WARNING:PhysDesignRules:367 - The signal
   <u_M_DdrCtrl/u_memc_ui_top_std/mem_intfc0/ddr_phy_top0/u_ddr_mc_phy_wrapper/u
   _ddr_mc_phy/ddr_phy_4lanes_0.u_ddr_phy_4lanes/ddr_byte_lane_B.ddr_byte_lane_B
   /dq_gen_40.if_post_fifo_gen.u_ddr_if_post_fifo/Mram_mem2_RAMD_D1_O> is
   incomplete. The signal does not drive any load pins in the design.
WARNING:PhysDesignRules:367 - The signal
   <u_M_DdrCtrl/u_memc_ui_top_std/mem_intfc0/ddr_phy_top0/u_ddr_mc_phy_wrapper/u
   _ddr_mc_phy/ddr_phy_4lanes_1.u_ddr_phy_4lanes/ddr_byte_lane_B.ddr_byte_lane_B
   /of_pre_fifo_gen.u_ddr_of_pre_fifo/Mram_mem12_RAMD_D1_O> is incomplete. The
   signal does not drive any load pins in the design.
WARNING:PhysDesignRules:367 - The signal
   <u_M_DdrCtrl/u_memc_ui_top_std/mem_intfc0/ddr_phy_top0/u_ddr_mc_phy_wrapper/u
   _ddr_mc_phy/ddr_phy_4lanes_1.u_ddr_phy_4lanes/ddr_byte_lane_B.ddr_byte_lane_B
   /of_pre_fifo_gen.u_ddr_of_pre_fifo/Mram_mem10_RAMD_D1_O> is incomplete. The
   signal does not drive any load pins in the design.
WARNING:PhysDesignRules:367 - The signal
   <u_M_DdrCtrl/u_memc_ui_top_std/mem_intfc0/ddr_phy_top0/u_ddr_mc_phy_wrapper/u
   _ddr_mc_phy/ddr_phy_4lanes_1.u_ddr_phy_4lanes/ddr_byte_lane_B.ddr_byte_lane_B
   /of_pre_fifo_gen.u_ddr_of_pre_fifo/Mram_mem3_RAMD_D1_O> is incomplete. The
   signal does not drive any load pins in the design.
WARNING:PhysDesignRules:367 - The signal
   <u_M_DdrCtrl/u_memc_ui_top_std/mem_intfc0/ddr_phy_top0/u_ddr_mc_phy_wrapper/u
   _ddr_mc_phy/ddr_phy_4lanes_1.u_ddr_phy_4lanes/ddr_byte_lane_B.ddr_byte_lane_B
   /of_pre_fifo_gen.u_ddr_of_pre_fifo/Mram_mem4_RAMD_D1_O> is incomplete. The
   signal does not drive any load pins in the design.
WARNING:PhysDesignRules:367 - The signal
   <u_M_DdrCtrl/u_memc_ui_top_std/mem_intfc0/ddr_phy_top0/u_ddr_mc_phy_wrapper/u
   _ddr_mc_phy/ddr_phy_4lanes_1.u_ddr_phy_4lanes/ddr_byte_lane_B.ddr_byte_lane_B
   /of_pre_fifo_gen.u_ddr_of_pre_fifo/Mram_mem5_RAMD_D1_O> is incomplete. The
   signal does not drive any load pins in the design.
WARNING:PhysDesignRules:367 - The signal
   <u_M_DdrCtrl/u_memc_ui_top_std/mem_intfc0/ddr_phy_top0/u_ddr_mc_phy_wrapper/u
   _ddr_mc_phy/ddr_phy_4lanes_1.u_ddr_phy_4lanes/ddr_byte_lane_B.ddr_byte_lane_B
   /of_pre_fifo_gen.u_ddr_of_pre_fifo/Mram_mem9_RAMD_D1_O> is incomplete. The
   signal does not drive any load pins in the design.
WARNING:PhysDesignRules:367 - The signal
   <u_M_DdrCtrl/u_memc_ui_top_std/mem_intfc0/ddr_phy_top0/u_ddr_mc_phy_wrapper/u
   _ddr_mc_phy/ddr_phy_4lanes_1.u_ddr_phy_4lanes/ddr_byte_lane_B.ddr_byte_lane_B
   /of_pre_fifo_gen.u_ddr_of_pre_fifo/Mram_mem7_RAMD_D1_O> is incomplete. The
   signal does not drive any load pins in the design.
WARNING:PhysDesignRules:367 - The signal
   <u_M_DdrCtrl/u_memc_ui_top_std/mem_intfc0/ddr_phy_top0/u_ddr_mc_phy_wrapper/u
   _ddr_mc_phy/ddr_phy_4lanes_1.u_ddr_phy_4lanes/ddr_byte_lane_B.ddr_byte_lane_B
   /of_pre_fifo_gen.u_ddr_of_pre_fifo/Mram_mem8_RAMD_D1_O> is incomplete. The
   signal does not drive any load pins in the design.
WARNING:PhysDesignRules:367 - The signal
   <u_M_DdrCtrl/u_memc_ui_top_std/mem_intfc0/ddr_phy_top0/u_ddr_mc_phy_wrapper/u
   _ddr_mc_phy/ddr_phy_4lanes_1.u_ddr_phy_4lanes/ddr_byte_lane_C.ddr_byte_lane_C
   /of_pre_fifo_gen.u_ddr_of_pre_fifo/Mram_mem5_RAMD_D1_O> is incomplete. The
   signal does not drive any load pins in the design.
WARNING:PhysDesignRules:367 - The signal
   <u_M_DdrCtrl/u_memc_ui_top_std/mem_intfc0/ddr_phy_top0/u_ddr_mc_phy_wrapper/u
   _ddr_mc_phy/ddr_phy_4lanes_1.u_ddr_phy_4lanes/ddr_byte_lane_C.ddr_byte_lane_C
   /of_pre_fifo_gen.u_ddr_of_pre_fifo/Mram_mem4_RAMD_D1_O> is incomplete. The
   signal does not drive any load pins in the design.
WARNING:PhysDesignRules:367 - The signal
   <u_M_DdrCtrl/u_memc_ui_top_std/mem_intfc0/ddr_phy_top0/u_ddr_mc_phy_wrapper/u
   _ddr_mc_phy/ddr_phy_4lanes_1.u_ddr_phy_4lanes/ddr_byte_lane_C.ddr_byte_lane_C
   /of_pre_fifo_gen.u_ddr_of_pre_fifo/Mram_mem12_RAMD_D1_O> is incomplete. The
   signal does not drive any load pins in the design.
WARNING:PhysDesignRules:367 - The signal
   <u_M_DdrCtrl/u_memc_ui_top_std/mem_intfc0/ddr_phy_top0/u_ddr_mc_phy_wrapper/u
   _ddr_mc_phy/ddr_phy_4lanes_1.u_ddr_phy_4lanes/ddr_byte_lane_C.ddr_byte_lane_C
   /of_pre_fifo_gen.u_ddr_of_pre_fifo/Mram_mem2_RAMD_D1_O> is incomplete. The
   signal does not drive any load pins in the design.
WARNING:PhysDesignRules:367 - The signal
   <u_M_DdrCtrl/u_memc_ui_top_std/mem_intfc0/ddr_phy_top0/u_ddr_mc_phy_wrapper/u
   _ddr_mc_phy/ddr_phy_4lanes_1.u_ddr_phy_4lanes/ddr_byte_lane_C.ddr_byte_lane_C
   /of_pre_fifo_gen.u_ddr_of_pre_fifo/Mram_mem3_RAMD_D1_O> is incomplete. The
   signal does not drive any load pins in the design.
WARNING:PhysDesignRules:367 - The signal
   <u_M_DdrCtrl/u_memc_ui_top_std/mem_intfc0/ddr_phy_top0/u_ddr_mc_phy_wrapper/u
   _ddr_mc_phy/ddr_phy_4lanes_1.u_ddr_phy_4lanes/ddr_byte_lane_C.ddr_byte_lane_C
   /of_pre_fifo_gen.u_ddr_of_pre_fifo/Mram_mem6_RAMD_D1_O> is incomplete. The
   signal does not drive any load pins in the design.
WARNING:PhysDesignRules:367 - The signal
   <u_M_DdrCtrl/u_memc_ui_top_std/mem_intfc0/ddr_phy_top0/u_ddr_mc_phy_wrapper/u
   _ddr_mc_phy/ddr_phy_4lanes_1.u_ddr_phy_4lanes/ddr_byte_lane_D.ddr_byte_lane_D
   /of_pre_fifo_gen.u_ddr_of_pre_fifo/Mram_mem1_RAMD_D1_O> is incomplete. The
   signal does not drive any load pins in the design.
WARNING:PhysDesignRules:367 - The signal
   <u_M_DdrCtrl/u_memc_ui_top_std/mem_intfc0/ddr_phy_top0/u_ddr_mc_phy_wrapper/u
   _ddr_mc_phy/ddr_phy_4lanes_1.u_ddr_phy_4lanes/ddr_byte_lane_D.ddr_byte_lane_D
   /of_pre_fifo_gen.u_ddr_of_pre_fifo/Mram_mem10_RAMD_D1_O> is incomplete. The
   signal does not drive any load pins in the design.
WARNING:PhysDesignRules:367 - The signal
   <u_M_DdrCtrl/u_memc_ui_top_std/mem_intfc0/ddr_phy_top0/u_ddr_mc_phy_wrapper/u
   _ddr_mc_phy/ddr_phy_4lanes_1.u_ddr_phy_4lanes/ddr_byte_lane_D.ddr_byte_lane_D
   /of_pre_fifo_gen.u_ddr_of_pre_fifo/Mram_mem7_RAMD_D1_O> is incomplete. The
   signal does not drive any load pins in the design.
WARNING:PhysDesignRules:367 - The signal
   <u_M_DdrCtrl/u_memc_ui_top_std/mem_intfc0/ddr_phy_top0/u_ddr_mc_phy_wrapper/u
   _ddr_mc_phy/ddr_phy_4lanes_1.u_ddr_phy_4lanes/ddr_byte_lane_D.ddr_byte_lane_D
   /of_pre_fifo_gen.u_ddr_of_pre_fifo/Mram_mem12_RAMD_D1_O> is incomplete. The
   signal does not drive any load pins in the design.
WARNING:PhysDesignRules:367 - The signal
   <u_M_DdrCtrl/u_memc_ui_top_std/mem_intfc0/ddr_phy_top0/u_ddr_mc_phy_wrapper/u
   _ddr_mc_phy/ddr_phy_4lanes_1.u_ddr_phy_4lanes/ddr_byte_lane_D.ddr_byte_lane_D
   /of_pre_fifo_gen.u_ddr_of_pre_fifo/Mram_mem11_RAMD_D1_O> is incomplete. The
   signal does not drive any load pins in the design.
WARNING:PhysDesignRules:367 - The signal
   <u_M_DdrCtrl/u_memc_ui_top_std/mem_intfc0/ddr_phy_top0/u_ddr_mc_phy_wrapper/u
   _ddr_mc_phy/ddr_phy_4lanes_1.u_ddr_phy_4lanes/ddr_byte_lane_D.ddr_byte_lane_D
   /of_pre_fifo_gen.u_ddr_of_pre_fifo/Mram_mem8_RAMD_D1_O> is incomplete. The
   signal does not drive any load pins in the design.
WARNING:PhysDesignRules:367 - The signal
   <u_M_DdrCtrl/u_memc_ui_top_std/mem_intfc0/ddr_phy_top0/u_ddr_mc_phy_wrapper/u
   _ddr_mc_phy/ddr_phy_4lanes_1.u_ddr_phy_4lanes/ddr_byte_lane_D.ddr_byte_lane_D
   /of_pre_fifo_gen.u_ddr_of_pre_fifo/Mram_mem9_RAMD_D1_O> is incomplete. The
   signal does not drive any load pins in the design.
WARNING:PhysDesignRules:367 - The signal
   <u_M_DdrCtrl/u_memc_ui_top_std/u_ui_top/ui_wr_data0/write_buffer.wr_buffer_ra
   m[22].RAM32M0_RAMD_D1_O> is incomplete. The signal does not drive any load
   pins in the design.
WARNING:PhysDesignRules:367 - The signal
   <u_M_DdrCtrl/u_memc_ui_top_std/u_ui_top/ui_wr_data0/write_buffer.wr_buffer_ra
   m[21].RAM32M0_RAMD_D1_O> is incomplete. The signal does not drive any load
   pins in the design.
WARNING:PhysDesignRules:367 - The signal
   <u_M_DdrCtrl/u_memc_ui_top_std/mem_intfc0/ddr_phy_top0/u_ddr_mc_phy_wrapper/u
   _ddr_mc_phy/ddr_phy_4lanes_0.u_ddr_phy_4lanes/ddr_byte_lane_A.ddr_byte_lane_A
   /of_pre_fifo_gen.u_ddr_of_pre_fifo/Mram_mem1_RAMD_D1_O> is incomplete. The
   signal does not drive any load pins in the design.
WARNING:PhysDesignRules:367 - The signal
   <u_M_DdrCtrl/u_memc_ui_top_std/mem_intfc0/ddr_phy_top0/u_ddr_mc_phy_wrapper/u
   _ddr_mc_phy/ddr_phy_4lanes_0.u_ddr_phy_4lanes/ddr_byte_lane_A.ddr_byte_lane_A
   /of_pre_fifo_gen.u_ddr_of_pre_fifo/Mram_mem4_RAMD_D1_O> is incomplete. The
   signal does not drive any load pins in the design.
WARNING:PhysDesignRules:367 - The signal
   <u_M_DdrCtrl/u_memc_ui_top_std/mem_intfc0/ddr_phy_top0/u_ddr_mc_phy_wrapper/u
   _ddr_mc_phy/ddr_phy_4lanes_0.u_ddr_phy_4lanes/ddr_byte_lane_A.ddr_byte_lane_A
   /of_pre_fifo_gen.u_ddr_of_pre_fifo/Mram_mem2_RAMD_D1_O> is incomplete. The
   signal does not drive any load pins in the design.
WARNING:PhysDesignRules:367 - The signal
   <u_M_DdrCtrl/u_memc_ui_top_std/mem_intfc0/ddr_phy_top0/u_ddr_mc_phy_wrapper/u
   _ddr_mc_phy/ddr_phy_4lanes_0.u_ddr_phy_4lanes/ddr_byte_lane_A.ddr_byte_lane_A
   /of_pre_fifo_gen.u_ddr_of_pre_fifo/Mram_mem5_RAMD_D1_O> is incomplete. The
   signal does not drive any load pins in the design.
WARNING:PhysDesignRules:367 - The signal
   <u_M_DdrCtrl/u_memc_ui_top_std/mem_intfc0/ddr_phy_top0/u_ddr_mc_phy_wrapper/u
   _ddr_mc_phy/ddr_phy_4lanes_0.u_ddr_phy_4lanes/ddr_byte_lane_A.ddr_byte_lane_A
   /of_pre_fifo_gen.u_ddr_of_pre_fifo/Mram_mem6_RAMD_D1_O> is incomplete. The
   signal does not drive any load pins in the design.
WARNING:PhysDesignRules:367 - The signal
   <u_M_DdrCtrl/u_memc_ui_top_std/mem_intfc0/ddr_phy_top0/u_ddr_mc_phy_wrapper/u
   _ddr_mc_phy/ddr_phy_4lanes_0.u_ddr_phy_4lanes/ddr_byte_lane_B.ddr_byte_lane_B
   /of_pre_fifo_gen.u_ddr_of_pre_fifo/Mram_mem8_RAMD_D1_O> is incomplete. The
   signal does not drive any load pins in the design.
WARNING:PhysDesignRules:367 - The signal
   <u_M_DdrCtrl/u_memc_ui_top_std/mem_intfc0/ddr_phy_top0/u_ddr_mc_phy_wrapper/u
   _ddr_mc_phy/ddr_phy_4lanes_0.u_ddr_phy_4lanes/ddr_byte_lane_B.ddr_byte_lane_B
   /of_pre_fifo_gen.u_ddr_of_pre_fifo/Mram_mem7_RAMD_D1_O> is incomplete. The
   signal does not drive any load pins in the design.
WARNING:PhysDesignRules:367 - The signal
   <u_M_DdrCtrl/u_memc_ui_top_std/mem_intfc0/ddr_phy_top0/u_ddr_mc_phy_wrapper/u
   _ddr_mc_phy/ddr_phy_4lanes_0.u_ddr_phy_4lanes/ddr_byte_lane_B.ddr_byte_lane_B
   /of_pre_fifo_gen.u_ddr_of_pre_fifo/Mram_mem9_RAMD_D1_O> is incomplete. The
   signal does not drive any load pins in the design.
WARNING:PhysDesignRules:367 - The signal
   <u_M_DdrCtrl/u_memc_ui_top_std/mem_intfc0/ddr_phy_top0/u_ddr_mc_phy_wrapper/u
   _ddr_mc_phy/ddr_phy_4lanes_0.u_ddr_phy_4lanes/ddr_byte_lane_B.ddr_byte_lane_B
   /of_pre_fifo_gen.u_ddr_of_pre_fifo/Mram_mem6_RAMD_D1_O> is incomplete. The
   signal does not drive any load pins in the design.
WARNING:PhysDesignRules:367 - The signal
   <u_M_DdrCtrl/u_memc_ui_top_std/mem_intfc0/ddr_phy_top0/u_ddr_mc_phy_wrapper/u
   _ddr_mc_phy/ddr_phy_4lanes_0.u_ddr_phy_4lanes/ddr_byte_lane_B.ddr_byte_lane_B
   /of_pre_fifo_gen.u_ddr_of_pre_fifo/Mram_mem2_RAMD_D1_O> is incomplete. The
   signal does not drive any load pins in the design.
WARNING:PhysDesignRules:367 - The signal
   <u_M_DdrCtrl/u_memc_ui_top_std/mem_intfc0/ddr_phy_top0/u_ddr_mc_phy_wrapper/u
   _ddr_mc_phy/ddr_phy_4lanes_0.u_ddr_phy_4lanes/ddr_byte_lane_B.ddr_byte_lane_B
   /of_pre_fifo_gen.u_ddr_of_pre_fifo/Mram_mem10_RAMD_D1_O> is incomplete. The
   signal does not drive any load pins in the design.
WARNING:PhysDesignRules:367 - The signal
   <u_M_DdrCtrl/u_memc_ui_top_std/mem_intfc0/ddr_phy_top0/u_ddr_mc_phy_wrapper/u
   _ddr_mc_phy/ddr_phy_4lanes_0.u_ddr_phy_4lanes/ddr_byte_lane_A.ddr_byte_lane_A
   /dq_gen_40.if_post_fifo_gen.u_ddr_if_post_fifo/Mram_mem6_RAMD_D1_O> is
   incomplete. The signal does not drive any load pins in the design.
WARNING:PhysDesignRules:367 - The signal
   <u_M_DdrCtrl/u_memc_ui_top_std/mem_intfc0/ddr_phy_top0/u_ddr_mc_phy_wrapper/u
   _ddr_mc_phy/ddr_phy_4lanes_0.u_ddr_phy_4lanes/ddr_byte_lane_A.ddr_byte_lane_A
   /dq_gen_40.if_post_fifo_gen.u_ddr_if_post_fifo/Mram_mem8_RAMD_D1_O> is
   incomplete. The signal does not drive any load pins in the design.
WARNING:PhysDesignRules:367 - The signal
   <u_M_DdrCtrl/u_memc_ui_top_std/mem_intfc0/ddr_phy_top0/u_ddr_mc_phy_wrapper/u
   _ddr_mc_phy/ddr_phy_4lanes_0.u_ddr_phy_4lanes/ddr_byte_lane_A.ddr_byte_lane_A
   /dq_gen_40.if_post_fifo_gen.u_ddr_if_post_fifo/Mram_mem4_RAMD_D1_O> is
   incomplete. The signal does not drive any load pins in the design.
WARNING:PhysDesignRules:367 - The signal
   <u_M_DdrCtrl/u_memc_ui_top_std/mem_intfc0/ddr_phy_top0/u_ddr_mc_phy_wrapper/u
   _ddr_mc_phy/ddr_phy_4lanes_0.u_ddr_phy_4lanes/ddr_byte_lane_A.ddr_byte_lane_A
   /dq_gen_40.if_post_fifo_gen.u_ddr_if_post_fifo/Mram_mem5_RAMD_D1_O> is
   incomplete. The signal does not drive any load pins in the design.
WARNING:PhysDesignRules:367 - The signal
   <u_M_DdrCtrl/u_memc_ui_top_std/mem_intfc0/ddr_phy_top0/u_ddr_mc_phy_wrapper/u
   _ddr_mc_phy/ddr_phy_4lanes_0.u_ddr_phy_4lanes/ddr_byte_lane_A.ddr_byte_lane_A
   /dq_gen_40.if_post_fifo_gen.u_ddr_if_post_fifo/Mram_mem11_RAMC_D1_DPO> is
   incomplete. The signal does not drive any load pins in the design.
WARNING:PhysDesignRules:367 - The signal
   <u_M_DdrCtrl/u_memc_ui_top_std/mem_intfc0/ddr_phy_top0/u_ddr_mc_phy_wrapper/u
   _ddr_mc_phy/ddr_phy_4lanes_0.u_ddr_phy_4lanes/ddr_byte_lane_A.ddr_byte_lane_A
   /dq_gen_40.if_post_fifo_gen.u_ddr_if_post_fifo/Mram_mem11_RAMD_D1_O> is
   incomplete. The signal does not drive any load pins in the design.
WARNING:PhysDesignRules:367 - The signal
   <u_M_DdrCtrl/u_memc_ui_top_std/mem_intfc0/ddr_phy_top0/u_ddr_mc_phy_wrapper/u
   _ddr_mc_phy/ddr_phy_4lanes_0.u_ddr_phy_4lanes/ddr_byte_lane_A.ddr_byte_lane_A
   /dq_gen_40.if_post_fifo_gen.u_ddr_if_post_fifo/Mram_mem10_RAMD_D1_O> is
   incomplete. The signal does not drive any load pins in the design.
WARNING:PhysDesignRules:367 - The signal
   <u_M_DdrCtrl/u_memc_ui_top_std/mem_intfc0/ddr_phy_top0/u_ddr_mc_phy_wrapper/u
   _ddr_mc_phy/ddr_phy_4lanes_0.u_ddr_phy_4lanes/ddr_byte_lane_A.ddr_byte_lane_A
   /rd_data_r<65>> is incomplete. The signal does not drive any load pins in the
   design.
WARNING:PhysDesignRules:367 - The signal
   <u_M_DdrCtrl/u_memc_ui_top_std/mem_intfc0/ddr_phy_top0/u_ddr_mc_phy_wrapper/u
   _ddr_mc_phy/ddr_phy_4lanes_1.u_ddr_phy_4lanes/ddr_byte_lane_B.ddr_byte_lane_B
   /of_pre_fifo_gen.u_ddr_of_pre_fifo/Mram_mem11_RAMD_D1_O> is incomplete. The
   signal does not drive any load pins in the design.
WARNING:PhysDesignRules:367 - The signal
   <u_M_DdrCtrl/u_memc_ui_top_std/mem_intfc0/ddr_phy_top0/u_ddr_mc_phy_wrapper/u
   _ddr_mc_phy/ddr_phy_4lanes_1.u_ddr_phy_4lanes/ddr_byte_lane_B.ddr_byte_lane_B
   /of_pre_fifo_gen.u_ddr_of_pre_fifo/Mram_mem13_RAMD_D1_O> is incomplete. The
   signal does not drive any load pins in the design.
WARNING:PhysDesignRules:367 - The signal
   <u_M_DdrCtrl/u_memc_ui_top_std/mem_intfc0/ddr_phy_top0/u_ddr_mc_phy_wrapper/u
   _ddr_mc_phy/ddr_phy_4lanes_1.u_ddr_phy_4lanes/ddr_byte_lane_B.ddr_byte_lane_B
   /of_pre_fifo_gen.u_ddr_of_pre_fifo/Mram_mem2_RAMD_D1_O> is incomplete. The
   signal does not drive any load pins in the design.
WARNING:PhysDesignRules:367 - The signal
   <u_M_DdrCtrl/u_memc_ui_top_std/mem_intfc0/ddr_phy_top0/u_ddr_mc_phy_wrapper/u
   _ddr_mc_phy/ddr_phy_4lanes_1.u_ddr_phy_4lanes/ddr_byte_lane_B.ddr_byte_lane_B
   /of_pre_fifo_gen.u_ddr_of_pre_fifo/Mram_mem1_RAMD_D1_O> is incomplete. The
   signal does not drive any load pins in the design.
WARNING:PhysDesignRules:367 - The signal
   <u_M_DdrCtrl/u_memc_ui_top_std/mem_intfc0/ddr_phy_top0/u_ddr_mc_phy_wrapper/u
   _ddr_mc_phy/ddr_phy_4lanes_1.u_ddr_phy_4lanes/ddr_byte_lane_B.ddr_byte_lane_B
   /of_pre_fifo_gen.u_ddr_of_pre_fifo/Mram_mem6_RAMD_D1_O> is incomplete. The
   signal does not drive any load pins in the design.
WARNING:PhysDesignRules:367 - The signal
   <u_M_DdrCtrl/u_memc_ui_top_std/mem_intfc0/ddr_phy_top0/u_ddr_mc_phy_wrapper/u
   _ddr_mc_phy/ddr_phy_4lanes_0.u_ddr_phy_4lanes/ddr_byte_lane_A.ddr_byte_lane_A
   /of_pre_fifo_gen.u_ddr_of_pre_fifo/Mram_mem13_RAMD_D1_O> is incomplete. The
   signal does not drive any load pins in the design.
WARNING:PhysDesignRules:367 - The signal
   <u_M_DdrCtrl/u_memc_ui_top_std/mem_intfc0/ddr_phy_top0/u_ddr_mc_phy_wrapper/u
   _ddr_mc_phy/ddr_phy_4lanes_0.u_ddr_phy_4lanes/ddr_byte_lane_A.ddr_byte_lane_A
   /of_pre_fifo_gen.u_ddr_of_pre_fifo/Mram_mem12_RAMD_D1_O> is incomplete. The
   signal does not drive any load pins in the design.
WARNING:PhysDesignRules:367 - The signal
   <u_M_DdrCtrl/u_memc_ui_top_std/u_ui_top/ui_wr_data0/write_buffer.wr_buffer_ra
   m[23].RAM32M0_RAMD_D1_O> is incomplete. The signal does not drive any load
   pins in the design.
WARNING:PhysDesignRules:367 - The signal
   <u_M_DdrCtrl/u_memc_ui_top_std/mem_intfc0/ddr_phy_top0/u_ddr_mc_phy_wrapper/u
   _ddr_mc_phy/ddr_phy_4lanes_0.u_ddr_phy_4lanes/ddr_byte_lane_B.ddr_byte_lane_B
   /of_pre_fifo_gen.u_ddr_of_pre_fifo/Mram_mem4_RAMD_D1_O> is incomplete. The
   signal does not drive any load pins in the design.
WARNING:PhysDesignRules:367 - The signal
   <u_M_DdrCtrl/u_memc_ui_top_std/mem_intfc0/ddr_phy_top0/u_ddr_mc_phy_wrapper/u
   _ddr_mc_phy/ddr_phy_4lanes_0.u_ddr_phy_4lanes/ddr_byte_lane_B.ddr_byte_lane_B
   /of_pre_fifo_gen.u_ddr_of_pre_fifo/Mram_mem5_RAMD_D1_O> is incomplete. The
   signal does not drive any load pins in the design.
WARNING:PhysDesignRules:367 - The signal
   <u_M_DdrCtrl/u_memc_ui_top_std/mem_intfc0/ddr_phy_top0/u_ddr_mc_phy_wrapper/u
   _ddr_mc_phy/ddr_phy_4lanes_0.u_ddr_phy_4lanes/ddr_byte_lane_B.ddr_byte_lane_B
   /of_pre_fifo_gen.u_ddr_of_pre_fifo/Mram_mem1_RAMD_D1_O> is incomplete. The
   signal does not drive any load pins in the design.
WARNING:PhysDesignRules:367 - The signal
   <u_M_DdrCtrl/u_memc_ui_top_std/mem_intfc0/ddr_phy_top0/u_ddr_mc_phy_wrapper/u
   _ddr_mc_phy/ddr_phy_4lanes_0.u_ddr_phy_4lanes/ddr_byte_lane_B.ddr_byte_lane_B
   /rd_data_r<41>> is incomplete. The signal does not drive any load pins in the
   design.
WARNING:PhysDesignRules:367 - The signal
   <u_M_DdrCtrl/u_memc_ui_top_std/mem_intfc0/ddr_phy_top0/u_ddr_mc_phy_wrapper/u
   _ddr_mc_phy/ddr_phy_4lanes_0.u_ddr_phy_4lanes/ddr_byte_lane_B.ddr_byte_lane_B
   /rd_data_r<7>> is incomplete. The signal does not drive any load pins in the
   design.
WARNING:PhysDesignRules:367 - The signal
   <u_M_DdrCtrl/u_memc_ui_top_std/mem_intfc0/ddr_phy_top0/u_ddr_mc_phy_wrapper/u
   _ddr_mc_phy/ddr_phy_4lanes_0.u_ddr_phy_4lanes/ddr_byte_lane_A.ddr_byte_lane_A
   /dq_gen_40.if_post_fifo_gen.u_ddr_if_post_fifo/Mram_mem3_RAMD_D1_O> is
   incomplete. The signal does not drive any load pins in the design.
WARNING:PhysDesignRules:367 - The signal
   <u_M_DdrCtrl/u_memc_ui_top_std/mem_intfc0/ddr_phy_top0/u_ddr_mc_phy_wrapper/u
   _ddr_mc_phy/ddr_phy_4lanes_0.u_ddr_phy_4lanes/ddr_byte_lane_A.ddr_byte_lane_A
   /dq_gen_40.if_post_fifo_gen.u_ddr_if_post_fifo/Mram_mem7_RAMD_D1_O> is
   incomplete. The signal does not drive any load pins in the design.

Design Summary
--------------

Design Summary:
Number of errors:      0
Number of warnings:  169
Slice Logic Utilization:
  Number of Slice Registers:                 5,386 out of 407,600    1%
    Number used as Flip Flops:               5,385
    Number used as Latches:                      1
    Number used as Latch-thrus:                  0
    Number used as AND/OR logics:                0
  Number of Slice LUTs:                      6,304 out of 203,800    3%
    Number used as logic:                    5,340 out of 203,800    2%
      Number using O6 output only:           4,061
      Number using O5 output only:             290
      Number using O5 and O6:                  989
      Number used as ROM:                        0
    Number used as Memory:                     730 out of  64,000    1%
      Number used as Dual Port RAM:            664
        Number using O6 output only:            44
        Number using O5 output only:            15
        Number using O5 and O6:                605
      Number used as Single Port RAM:            0
      Number used as Shift Register:            66
        Number using O6 output only:            65
        Number using O5 output only:             0
        Number using O5 and O6:                  1
    Number used exclusively as route-thrus:    234
      Number with same-slice register load:    177
      Number with same-slice carry load:        57
      Number with other load:                    0

Slice Logic Distribution:
  Number of occupied Slices:                 2,864 out of  50,950    5%
  Number of LUT Flip Flop pairs used:        7,679
    Number with an unused Flip Flop:         2,870 out of   7,679   37%
    Number with an unused LUT:               1,375 out of   7,679   17%
    Number of fully used LUT-FF pairs:       3,434 out of   7,679   44%
    Number of unique control sets:             759
    Number of slice register sites lost
      to control set restrictions:           4,158 out of 407,600    1%

  A LUT Flip Flop pair for this architecture represents one LUT paired with
  one Flip Flop within a slice.  A control set is a unique combination of
  clock, reset, set, and enable signals for a registered element.
  The Slice Logic Distribution report is not meaningful if the design is
  over-mapped for a non-slice resource or if Placement fails.
  OVERMAPPING of BRAM resources should be ignored if the design is
  over-mapped for a non-BRAM resource or if placement fails.

IO Utilization:
  Number of bonded IOBs:                        54 out of     500   10%
    Number of LOCed IOBs:                       54 out of      54  100%
    IOB Flip Flops:                              5
    IOB Master Pads:                             3
    IOB Slave Pads:                              3

Specific Feature Utilization:
  Number of RAMB36E1/FIFO36E1s:                  0 out of     445    0%
  Number of RAMB18E1/FIFO18E1s:                  1 out of     890    1%
    Number using RAMB18E1 only:                  1
    Number using FIFO18E1 only:                  0
  Number of BUFG/BUFGCTRLs:                      3 out of      32    9%
    Number used as BUFGs:                        3
    Number used as BUFGCTRLs:                    0
  Number of IDELAYE2/IDELAYE2_FINEDELAYs:       16 out of     500    3%
    Number used as IDELAYE2s:                   16
    Number used as IDELAYE2_FINEDELAYs:          0
  Number of ILOGICE2/ILOGICE3/ISERDESE2s:       16 out of     500    3%
    Number used as ILOGICE2s:                    0
  Number used as  ILOGICE3s:                     0
    Number used as ISERDESE2s:                  16
  Number of ODELAYE2/ODELAYE2_FINEDELAYs:        0 out of     150    0%
  Number of OLOGICE2/OLOGICE3/OSERDESE2s:       47 out of     500    9%
    Number used as OLOGICE2s:                    3
    Number used as OLOGICE3s:                    0
    Number used as OSERDESE2s:                  44
  Number of PHASER_IN/PHASER_IN_PHYs:            2 out of      40    5%
    Number used as PHASER_INs:                   0
    Number used as PHASER_IN_PHYs:               2
      Number of LOCed PHASER_IN_PHYs:            2 out of       2  100%
  Number of PHASER_OUT/PHASER_OUT_PHYs:          5 out of      40   12%
    Number used as PHASER_OUTs:                  0
    Number used as PHASER_OUT_PHYs:              5
      Number of LOCed PHASER_OUT_PHYs:           5 out of       5  100%
  Number of BSCANs:                              1 out of       4   25%
  Number of BUFHCEs:                             0 out of     168    0%
  Number of BUFRs:                               0 out of      40    0%
  Number of CAPTUREs:                            0 out of       1    0%
  Number of DNA_PORTs:                           0 out of       1    0%
  Number of DSP48E1s:                            0 out of     840    0%
  Number of EFUSE_USRs:                          0 out of       1    0%
  Number of FRAME_ECCs:                          0 out of       1    0%
  Number of GTXE2_CHANNELs:                      0 out of      16    0%
  Number of GTXE2_COMMONs:                       0 out of       4    0%
  Number of IBUFDS_GTE2s:                        0 out of       8    0%
  Number of ICAPs:                               0 out of       2    0%
  Number of IDELAYCTRLs:                         1 out of      10   10%
  Number of IN_FIFOs:                            2 out of      40    5%
    Number of LOCed IN_FIFOs:                    2 out of       2  100%
  Number of MMCME2_ADVs:                         1 out of      10   10%
    Number of LOCed MMCME2_ADVs:                 1 out of       1  100%
  Number of OUT_FIFOs:                           5 out of      40   12%
    Number of LOCed OUT_FIFOs:                   5 out of       5  100%
  Number of PCIE_2_1s:                           0 out of       1    0%
  Number of PHASER_REFs:                         2 out of      10   20%
    Number of LOCed PHASER_REFs:                 2 out of       2  100%
  Number of PHY_CONTROLs:                        2 out of      10   20%
    Number of LOCed PHY_CONTROLs:                2 out of       2  100%
  Number of PLLE2_ADVs:                          1 out of      10   10%
    Number of LOCed PLLE2_ADVs:                  1 out of       1  100%
  Number of STARTUPs:                            0 out of       1    0%
  Number of XADCs:                               1 out of       1  100%

Average Fanout of Non-Clock Nets:                3.31

Peak Memory Usage:  5665 MB
Total REAL time to MAP completion:  3 mins 47 secs 
Total CPU time to MAP completion:   3 mins 47 secs 

Mapping completed.
See MAP report file "M_Top_map.mrp" for details.
